###############################################################################
#
# IAR ELF Linker V2.20.1.176 for STM8                     13/Mar/2023  10:26:31
# Copyright 2010-2015 IAR Systems AB.
#
#    Output file  =  
#        E:\STM8S\Project_IAR\STM8S_Lesson3_STD_EXT_INTERRUPT\EXTI_Exercise2\ProjectFile\Debug\Exe\EXTI_Exercise2.out
#    Map file     =  
#        E:\STM8S\Project_IAR\STM8S_Lesson3_STD_EXT_INTERRUPT\EXTI_Exercise2\ProjectFile\Debug\List\EXTI_Exercise2.map
#    Command line =  
#        E:\STM8S\Project_IAR\STM8S_Lesson3_STD_EXT_INTERRUPT\EXTI_Exercise2\ProjectFile\Debug\Obj\m_stm8s208_clk.o
#        E:\STM8S\Project_IAR\STM8S_Lesson3_STD_EXT_INTERRUPT\EXTI_Exercise2\ProjectFile\Debug\Obj\main.o
#        E:\STM8S\Project_IAR\STM8S_Lesson3_STD_EXT_INTERRUPT\EXTI_Exercise2\ProjectFile\Debug\Obj\stm8s_clk.o
#        E:\STM8S\Project_IAR\STM8S_Lesson3_STD_EXT_INTERRUPT\EXTI_Exercise2\ProjectFile\Debug\Obj\stm8s_exti.o
#        E:\STM8S\Project_IAR\STM8S_Lesson3_STD_EXT_INTERRUPT\EXTI_Exercise2\ProjectFile\Debug\Obj\stm8s_gpio.o
#        E:\STM8S\Project_IAR\STM8S_Lesson3_STD_EXT_INTERRUPT\EXTI_Exercise2\ProjectFile\Debug\Obj\stm8s_it.o
#        E:\STM8S\Project_IAR\STM8S_Lesson3_STD_EXT_INTERRUPT\EXTI_Exercise2\ProjectFile\Debug\Obj\stm8s_itc.o
#        --redirect _Printf=_PrintfSmall --redirect _Scanf=_ScanfSmall -o
#        E:\STM8S\Project_IAR\STM8S_Lesson3_STD_EXT_INTERRUPT\EXTI_Exercise2\ProjectFile\Debug\Exe\EXTI_Exercise2.out
#        --map
#        E:\STM8S\Project_IAR\STM8S_Lesson3_STD_EXT_INTERRUPT\EXTI_Exercise2\ProjectFile\Debug\List\EXTI_Exercise2.map
#        --config "C:\Program Files (x86)\IAR Systems\Embedded Workbench
#        7.3\stm8\config\lnkstm8s208c8.icf" --config_def _CSTACK_SIZE=0x100
#        --config_def _HEAP_SIZE=0x100 --entry __iar_program_start --debug_lib
#
###############################################################################

*******************************************************************************
*** RUNTIME MODEL ATTRIBUTES
***

__SystemLibrary            = DLib
__code_model               = small
__core                     = stm8
__data_model               = medium
__dlib_file_descriptor     = 0
__dlib_full_locale_support = 0
__rt_version               = 4


*******************************************************************************
*** PLACEMENT SUMMARY
***

"A1":  place at start of [0x000000-0x0000ff] { rw section .vregs };
"A2":  place at end of [0x000000-0x0017ff] { block CSTACK };
"A3":  place at start of [0x008000-0x00ffff] { block INTVEC };
"P3":  place in [from 0x008000 to 0x00ffff] {
          ro section __DLIB_PERTHREAD_init, ro section .far.data_init,
          ro section .far_func.textrw_init, ro section .huge.data_init,
          ro section .huge_func.textrw_init, ro section .iar.init_table,
          ro section .init_array, ro section .near.data_init,
          ro section .near.rodata, ro section .near_func.text,
          ro section .near_func.textrw_init, ro section .tiny.data_init,
          ro section .tiny.rodata_init };

  Section          Kind      Address   Size  Object
  -------          ----      -------   ----  ------
"A1":                                  0x10
  .vregs           uninit   0x000000   0x10  vregs.o [4]
                          - 0x000010   0x10

"A2":                                 0x100
  CSTACK                    0x001700  0x100  <Block>
    CSTACK         uninit   0x001700  0x100  <Block tail>
                          - 0x001800  0x100

"A3":                                  0x80
  INTVEC                    0x008000   0x80  <Block>
    .intvec        const    0x008000   0x80  interrupt.o [4]
                          - 0x008080   0x80

"P3":                                 0x69d
  .near_func.text  ro code  0x008080  0x131  stm8s_clk.o [1]
  .near_func.text  ro code  0x0081b1  0x114  stm8s_gpio.o [1]
  .near_func.text  ro code  0x0082c5   0xd1  stm8s_exti.o [1]
  .near_func.text  ro code  0x008396   0x97  vreg_util.o [4]
  .near_func.text  ro code  0x00842d   0x8b  stm8s_clk.o [1]
  .near.rodata     const    0x0084b8   0x5f  stm8s_exti.o [1]
  .near.rodata     const    0x008517   0x5f  stm8s_gpio.o [1]
  .near.rodata     const    0x008576   0x5e  stm8s_clk.o [1]
  .near_func.text  ro code  0x0085d4   0x3b  stm8s_it.o [1]
  .near_func.text  ro code  0x00860f   0x36  stm8s_clk.o [1]
  .near_func.text  ro code  0x008645   0x35  main.o [1]
  .near_func.text  ro code  0x00867a   0x17  init.o [4]
  .near_func.text  ro code  0x008691   0x15  m_stm8s208_clk.o [1]
  .near_func.text  ro code  0x0086a6   0x14  __dbg_xxexit.o [3]
  .near_func.text  ro code  0x0086ba   0x13  cstartup.o [4]
  .near_func.text  ro code  0x0086cd    0x9  stm8s_exti.o [1]
  .near_func.text  ro code  0x0086d6    0x9  stm8s_gpio.o [1]
  .near_func.text  ro code  0x0086df    0x7  stm8s_gpio.o [1]
  .near_func.text  ro code  0x0086e6    0x6  char.o [4]
  .near_func.text  ro code  0x0086ec    0x5  cexit.o [4]
  .near_func.text  ro code  0x0086f1    0x4  stm8s_gpio.o [1]
  .near_func.text  ro code  0x0086f5    0x3  interrupt.o [4]
  .near_func.text  ro code  0x0086f8    0x3  low_level_init.o [4]
  .near_func.text  ro code  0x0086fb    0x3  exit.o [4]
  .near_func.text  ro code  0x0086fe    0x3  unhandled_exception.o [4]
  .near_func.text  ro code  0x008701    0x2  main.o [1]
  .near_func.text  ro code  0x008703    0x1  stm8s_it.o [1]
  .near_func.text  ro code  0x008704    0x1  stm8s_it.o [1]
  .near_func.text  ro code  0x008705    0x1  stm8s_it.o [1]
  .near_func.text  ro code  0x008706    0x1  stm8s_it.o [1]
  .near_func.text  ro code  0x008707    0x1  stm8s_it.o [1]
  .near_func.text  ro code  0x008708    0x1  stm8s_it.o [1]
  .near_func.text  ro code  0x008709    0x1  stm8s_it.o [1]
  .near_func.text  ro code  0x00870a    0x1  stm8s_it.o [1]
  .near_func.text  ro code  0x00870b    0x1  stm8s_it.o [1]
  .near_func.text  ro code  0x00870c    0x1  stm8s_it.o [1]
  .near_func.text  ro code  0x00870d    0x1  stm8s_it.o [1]
  .near_func.text  ro code  0x00870e    0x1  stm8s_it.o [1]
  .near_func.text  ro code  0x00870f    0x1  stm8s_it.o [1]
  .near_func.text  ro code  0x008710    0x1  stm8s_it.o [1]
  .near_func.text  ro code  0x008711    0x1  stm8s_it.o [1]
  .near_func.text  ro code  0x008712    0x1  stm8s_it.o [1]
  .near_func.text  ro code  0x008713    0x1  stm8s_it.o [1]
  .near_func.text  ro code  0x008714    0x1  stm8s_it.o [1]
  .near_func.text  ro code  0x008715    0x1  stm8s_it.o [1]
  .near_func.text  ro code  0x008716    0x1  stm8s_it.o [1]
  .near_func.text  ro code  0x008717    0x1  stm8s_it.o [1]
  .near_func.text  ro code  0x008718    0x1  stm8s_it.o [1]
  .near_func.text  ro code  0x008719    0x1  stm8s_it.o [1]
  .near_func.text  ro code  0x00871a    0x1  stm8s_it.o [1]
  .near_func.text  ro code  0x00871b    0x1  stm8s_it.o [1]
  .near_func.text  ro code  0x00871c    0x1  __dbg_break.o [3]
                          - 0x00871d  0x69d



*******************************************************************************
*** MODULE SUMMARY
***

    Module                 ro code  ro data  rw data
    ------                 -------  -------  -------
E:\STM8S\Project_IAR\STM8S_Lesson3_STD_EXT_INTERRUPT\EXTI_Exercise2\ProjectFile\Debug\Obj: [1]
    m_stm8s208_clk.o            21
    main.o                      55
    stm8s_clk.o                498       94
    stm8s_exti.o               218       95
    stm8s_gpio.o               296       95
    stm8s_it.o                  84
    ------------------------------------------------
    Total:                   1 172      284

command line: [2]
    ------------------------------------------------
    Total:

dbgstm8smd.a: [3]
    __dbg_break.o                1
    __dbg_xxexit.o              20
    ------------------------------------------------
    Total:                      21

dlstm8smn.a: [4]
    cexit.o                      5
    char.o                       6
    cstartup.o                  19
    exit.o                       3
    init.o                      23
    interrupt.o                  3      128
    low_level_init.o             3
    unhandled_exception.o        3
    vreg_util.o                151
    vregs.o                                       16
    ------------------------------------------------
    Total:                     216      128       16

    Linker created                               256
----------------------------------------------------
    Grand Total:             1 409      412      272


*******************************************************************************
*** ENTRY LIST
***

Entry                     Address   Size  Type      Object
-----                     -------   ----  ----      ------
?b0                      0x000000         Data  Gb  vregs.o [4]
?b1                      0x000001         Data  Gb  vregs.o [4]
?b10                     0x00000a         Data  Gb  vregs.o [4]
?b11                     0x00000b         Data  Gb  vregs.o [4]
?b12                     0x00000c         Data  Gb  vregs.o [4]
?b13                     0x00000d         Data  Gb  vregs.o [4]
?b14                     0x00000e         Data  Gb  vregs.o [4]
?b15                     0x00000f         Data  Gb  vregs.o [4]
?b2                      0x000002         Data  Gb  vregs.o [4]
?b3                      0x000003         Data  Gb  vregs.o [4]
?b4                      0x000004         Data  Gb  vregs.o [4]
?b5                      0x000005         Data  Gb  vregs.o [4]
?b6                      0x000006         Data  Gb  vregs.o [4]
?b7                      0x000007         Data  Gb  vregs.o [4]
?b8                      0x000008         Data  Gb  vregs.o [4]
?b9                      0x000009         Data  Gb  vregs.o [4]
?e0                      0x000001         Data  Gb  vregs.o [4]
?e1                      0x000005         Data  Gb  vregs.o [4]
?e2                      0x000009         Data  Gb  vregs.o [4]
?e3                      0x00000d         Data  Gb  vregs.o [4]
?epilogue_l2             0x00841e         Code  Gb  vreg_util.o [4]
?epilogue_l2_w6          0x008422         Code  Gb  vreg_util.o [4]
?epilogue_w4             0x008429         Code  Gb  vreg_util.o [4]
?l0                      0x000000         Data  Gb  vregs.o [4]
?l1                      0x000004         Data  Gb  vregs.o [4]
?l2                      0x000008         Data  Gb  vregs.o [4]
?l3                      0x00000c         Data  Gb  vregs.o [4]
?pop_l0                  0x0083f5         Code  Gb  vreg_util.o [4]
?pop_l1                  0x008400         Code  Gb  vreg_util.o [4]
?pop_l2                  0x00840b         Code  Gb  vreg_util.o [4]
?pop_w4                  0x0083b3         Code  Gb  vreg_util.o [4]
?pop_w6                  0x0083ba         Code  Gb  vreg_util.o [4]
?push_l0                 0x0083c9         Code  Gb  vreg_util.o [4]
?push_l1                 0x0083ce         Code  Gb  vreg_util.o [4]
?push_l2                 0x0083d3         Code  Gb  vreg_util.o [4]
?push_w4                 0x008396         Code  Gb  vreg_util.o [4]
?push_w6                 0x00839b         Code  Gb  vreg_util.o [4]
?sll8_a_a_5              0x0086e7         Code  Gb  char.o [4]
?sll8_a_a_6              0x0086e6         Code  Gb  char.o [4]
?w0                      0x000000         Data  Gb  vregs.o [4]
?w1                      0x000002         Data  Gb  vregs.o [4]
?w2                      0x000004         Data  Gb  vregs.o [4]
?w3                      0x000006         Data  Gb  vregs.o [4]
?w4                      0x000008         Data  Gb  vregs.o [4]
?w5                      0x00000a         Data  Gb  vregs.o [4]
?w6                      0x00000c         Data  Gb  vregs.o [4]
?w7                      0x00000e         Data  Gb  vregs.o [4]
ADC2_IRQHandler          0x008719    0x1  Code  Gb  stm8s_it.o [1]
AWU_IRQHandler           0x008705    0x1  Code  Gb  stm8s_it.o [1]
CAN_RX_IRQHandler        0x00870b    0x1  Code  Gb  stm8s_it.o [1]
CAN_TX_IRQHandler        0x00870c    0x1  Code  Gb  stm8s_it.o [1]
CLK_CONFIG_24MHZ_HSE     0x008691   0x15  Code  Gb  m_stm8s208_clk.o [1]
CLK_ClockSwitchConfig    0x008080  0x131  Code  Gb  stm8s_clk.o [1]
CLK_DeInit               0x00860f   0x36  Code  Gb  stm8s_clk.o [1]
CLK_IRQHandler           0x008706    0x1  Code  Gb  stm8s_it.o [1]
CLK_SYSCLKConfig         0x00842d   0x8b  Code  Gb  stm8s_clk.o [1]
CSTACK$$Base             0x001700          --   Gb  - Linker created -
CSTACK$$Limit            0x001800          --   Gb  - Linker created -
EEPROM_EEC_IRQHandler    0x00871b    0x1  Code  Gb  stm8s_it.o [1]
EXTI_DeInit              0x0086cd    0x9  Code  Gb  stm8s_exti.o [1]
EXTI_PORTA_IRQHandler    0x0085d4   0x3b  Code  Gb  stm8s_it.o [1]
EXTI_PORTB_IRQHandler    0x008707    0x1  Code  Gb  stm8s_it.o [1]
EXTI_PORTC_IRQHandler    0x008708    0x1  Code  Gb  stm8s_it.o [1]
EXTI_PORTD_IRQHandler    0x008709    0x1  Code  Gb  stm8s_it.o [1]
EXTI_PORTE_IRQHandler    0x00870a    0x1  Code  Gb  stm8s_it.o [1]
EXTI_SetExtIntSensitivity
                         0x0082c5   0xd1  Code  Gb  stm8s_exti.o [1]
GPIO_Init                0x0081b1  0x114  Code  Gb  stm8s_gpio.o [1]
GPIO_ReadInputPin        0x0086d6    0x9  Code  Gb  stm8s_gpio.o [1]
GPIO_WriteHigh           0x0086df    0x7  Code  Gb  stm8s_gpio.o [1]
GPIO_WriteLow            0x0086f1    0x4  Code  Gb  stm8s_gpio.o [1]
I2C_IRQHandler           0x008716    0x1  Code  Gb  stm8s_it.o [1]
INTVEC$$Base             0x008000          --   Gb  - Linker created -
INTVEC$$Limit            0x008080          --   Gb  - Linker created -
Region$$Table$$Base    0x00000000          --   Gb  - Linker created -
Region$$Table$$Limit   0x00000000          --   Gb  - Linker created -
SPI_IRQHandler           0x00870d    0x1  Code  Gb  stm8s_it.o [1]
TIM1_CAP_COM_IRQHandler
                         0x00870f    0x1  Code  Gb  stm8s_it.o [1]
TIM1_UPD_OVF_TRG_BRK_IRQHandler
                         0x00870e    0x1  Code  Gb  stm8s_it.o [1]
TIM2_CAP_COM_IRQHandler
                         0x008711    0x1  Code  Gb  stm8s_it.o [1]
TIM2_UPD_OVF_BRK_IRQHandler
                         0x008710    0x1  Code  Gb  stm8s_it.o [1]
TIM3_CAP_COM_IRQHandler
                         0x008713    0x1  Code  Gb  stm8s_it.o [1]
TIM3_UPD_OVF_BRK_IRQHandler
                         0x008712    0x1  Code  Gb  stm8s_it.o [1]
TIM4_UPD_OVF_IRQHandler
                         0x00871a    0x1  Code  Gb  stm8s_it.o [1]
TLI_IRQHandler           0x008704    0x1  Code  Gb  stm8s_it.o [1]
TRAP_IRQHandler          0x008703    0x1  Code  Gb  stm8s_it.o [1]
UART1_RX_IRQHandler      0x008715    0x1  Code  Gb  stm8s_it.o [1]
UART1_TX_IRQHandler      0x008714    0x1  Code  Gb  stm8s_it.o [1]
UART3_RX_IRQHandler      0x008718    0x1  Code  Gb  stm8s_it.o [1]
UART3_TX_IRQHandler      0x008717    0x1  Code  Gb  stm8s_it.o [1]
__DebugBreak             0x00871c    0x1  Code  Gb  __dbg_break.o [3]
__exit                   0x0086a6   0x14  Code  Gb  __dbg_xxexit.o [3]
__iar_data_init2         0x00867a   0x17  Code  Gb  init.o [4]
__iar_program_start      0x0086ba         Code  Gb  cstartup.o [4]
__iar_unhandled_exception
                         0x0086fe         Code  Gb  unhandled_exception.o [4]
__intvec                 0x008000         Data  Gb  interrupt.o [4]
__low_level_init         0x0086f8    0x3  Code  Gb  low_level_init.o [4]
_exit                    0x0086ec         Code  Gb  cexit.o [4]
_interrupt_1             0x008703         Code  Gb  stm8s_it.o [1]
_interrupt_10            0x00870b         Code  Gb  stm8s_it.o [1]
_interrupt_11            0x00870c         Code  Gb  stm8s_it.o [1]
_interrupt_12            0x00870d         Code  Gb  stm8s_it.o [1]
_interrupt_13            0x00870e         Code  Gb  stm8s_it.o [1]
_interrupt_14            0x00870f         Code  Gb  stm8s_it.o [1]
_interrupt_15            0x008710         Code  Gb  stm8s_it.o [1]
_interrupt_16            0x008711         Code  Gb  stm8s_it.o [1]
_interrupt_17            0x008712         Code  Gb  stm8s_it.o [1]
_interrupt_18            0x008713         Code  Gb  stm8s_it.o [1]
_interrupt_19            0x008714         Code  Gb  stm8s_it.o [1]
_interrupt_2             0x008704         Code  Gb  stm8s_it.o [1]
_interrupt_20            0x008715         Code  Gb  stm8s_it.o [1]
_interrupt_21            0x008716         Code  Gb  stm8s_it.o [1]
_interrupt_22            0x008717         Code  Gb  stm8s_it.o [1]
_interrupt_23            0x008718         Code  Gb  stm8s_it.o [1]
_interrupt_24            0x008719         Code  Gb  stm8s_it.o [1]
_interrupt_25            0x00871a         Code  Gb  stm8s_it.o [1]
_interrupt_26            0x00871b         Code  Gb  stm8s_it.o [1]
_interrupt_3             0x008705         Code  Gb  stm8s_it.o [1]
_interrupt_4             0x008706         Code  Gb  stm8s_it.o [1]
_interrupt_5             0x0085d4         Code  Gb  stm8s_it.o [1]
_interrupt_6             0x008707         Code  Gb  stm8s_it.o [1]
_interrupt_7             0x008708         Code  Gb  stm8s_it.o [1]
_interrupt_8             0x008709         Code  Gb  stm8s_it.o [1]
_interrupt_9             0x00870a         Code  Gb  stm8s_it.o [1]
assert_failed            0x008701    0x2  Code  Gb  main.o [1]
exit                     0x0086fb    0x3  Code  Gb  exit.o [4]
main                     0x008645   0x35  Code  Gb  main.o [1]


[1] = E:\STM8S\Project_IAR\STM8S_Lesson3_STD_EXT_INTERRUPT\EXTI_Exercise2\ProjectFile\Debug\Obj
[2] = command line
[3] = dbgstm8smd.a
[4] = dlstm8smn.a

  1 409 bytes of readonly  code memory
    412 bytes of readonly  data memory
    272 bytes of readwrite data memory

Errors: none
Warnings: none
