###############################################################################
#
# IAR ELF Linker V2.20.1.176 for STM8                     15/Mar/2023  15:40:07
# Copyright 2010-2015 IAR Systems AB.
#
#    Output file  =  
#        E:\STM8S\Project_IAR\STM8S_Lesson4_STD_TIMER\TIMER_Exercise1\ProjectFile\Debug\Exe\TIMER_Exercise1.out
#    Map file     =  
#        E:\STM8S\Project_IAR\STM8S_Lesson4_STD_TIMER\TIMER_Exercise1\ProjectFile\Debug\List\TIMER_Exercise1.map
#    Command line =  
#        E:\STM8S\Project_IAR\STM8S_Lesson4_STD_TIMER\TIMER_Exercise1\ProjectFile\Debug\Obj\m_stm8s208_clk.o
#        E:\STM8S\Project_IAR\STM8S_Lesson4_STD_TIMER\TIMER_Exercise1\ProjectFile\Debug\Obj\main.o
#        E:\STM8S\Project_IAR\STM8S_Lesson4_STD_TIMER\TIMER_Exercise1\ProjectFile\Debug\Obj\stm8s_clk.o
#        E:\STM8S\Project_IAR\STM8S_Lesson4_STD_TIMER\TIMER_Exercise1\ProjectFile\Debug\Obj\stm8s_exti.o
#        E:\STM8S\Project_IAR\STM8S_Lesson4_STD_TIMER\TIMER_Exercise1\ProjectFile\Debug\Obj\stm8s_gpio.o
#        E:\STM8S\Project_IAR\STM8S_Lesson4_STD_TIMER\TIMER_Exercise1\ProjectFile\Debug\Obj\stm8s_it.o
#        E:\STM8S\Project_IAR\STM8S_Lesson4_STD_TIMER\TIMER_Exercise1\ProjectFile\Debug\Obj\stm8s_itc.o
#        E:\STM8S\Project_IAR\STM8S_Lesson4_STD_TIMER\TIMER_Exercise1\ProjectFile\Debug\Obj\stm8s_tim1.o
#        E:\STM8S\Project_IAR\STM8S_Lesson4_STD_TIMER\TIMER_Exercise1\ProjectFile\Debug\Obj\stm8s_tim2.o
#        E:\STM8S\Project_IAR\STM8S_Lesson4_STD_TIMER\TIMER_Exercise1\ProjectFile\Debug\Obj\stm8s_tim3.o
#        E:\STM8S\Project_IAR\STM8S_Lesson4_STD_TIMER\TIMER_Exercise1\ProjectFile\Debug\Obj\stm8s_tim4.o
#        --redirect _Printf=_PrintfSmall --redirect _Scanf=_ScanfSmall -o
#        E:\STM8S\Project_IAR\STM8S_Lesson4_STD_TIMER\TIMER_Exercise1\ProjectFile\Debug\Exe\TIMER_Exercise1.out
#        --map
#        E:\STM8S\Project_IAR\STM8S_Lesson4_STD_TIMER\TIMER_Exercise1\ProjectFile\Debug\List\TIMER_Exercise1.map
#        --config "C:\Program Files (x86)\IAR Systems\Embedded Workbench
#        7.3\stm8\config\lnkstm8s208c8.icf" --config_def _CSTACK_SIZE=0x100
#        --config_def _HEAP_SIZE=0x100 --entry __iar_program_start --debug_lib
#
###############################################################################

*******************************************************************************
*** RUNTIME MODEL ATTRIBUTES
***

__SystemLibrary            = DLib
__code_model               = small
__core                     = stm8
__data_model               = medium
__dlib_file_descriptor     = 0
__dlib_full_locale_support = 0
__rt_version               = 4


*******************************************************************************
*** PLACEMENT SUMMARY
***

"A1":  place at start of [0x000000-0x0000ff] { rw section .vregs };
"A2":  place at end of [0x000000-0x0017ff] { block CSTACK };
"A3":  place at start of [0x008000-0x00ffff] { block INTVEC };
"P3":  place in [from 0x008000 to 0x00ffff] {
          ro section __DLIB_PERTHREAD_init, ro section .far.data_init,
          ro section .far_func.textrw_init, ro section .huge.data_init,
          ro section .huge_func.textrw_init, ro section .iar.init_table,
          ro section .init_array, ro section .near.data_init,
          ro section .near.rodata, ro section .near_func.text,
          ro section .near_func.textrw_init, ro section .tiny.data_init,
          ro section .tiny.rodata_init };

  Section          Kind      Address   Size  Object
  -------          ----      -------   ----  ------
"A1":                                  0x10
  .vregs           uninit   0x000000   0x10  vregs.o [4]
                          - 0x000010   0x10

"A2":                                 0x100
  CSTACK                    0x001700  0x100  <Block>
    CSTACK         uninit   0x001700  0x100  <Block tail>
                          - 0x001800  0x100

"A3":                                  0x80
  INTVEC                    0x008000   0x80  <Block>
    .intvec        const    0x008000   0x80  interrupt.o [4]
                          - 0x008080   0x80

"P3":                                 0xb03
  .near_func.text  ro code  0x008080  0x131  stm8s_clk.o [1]
  .near_func.text  ro code  0x0081b1  0x114  stm8s_gpio.o [1]
  .near_func.text  ro code  0x0082c5   0xde  stm8s_clk.o [1]
  .near_func.text  ro code  0x0083a3   0xa7  stm8s_clk.o [1]
  .near_func.text  ro code  0x00844a   0x97  vreg_util.o [4]
  .near_func.text  ro code  0x0084e1   0x8b  stm8s_clk.o [1]
  .near_func.text  ro code  0x00856c   0x59  stm8s_tim2.o [1]
  .near.rodata     const    0x0085c5   0x58  stm8s_gpio.o [1]
  .near.rodata     const    0x00861d   0x58  stm8s_tim2.o [1]
  .near.rodata     const    0x008675   0x58  stm8s_tim4.o [1]
  .near.rodata     const    0x0086cd   0x57  stm8s_clk.o [1]
  .near_func.text  ro code  0x008724   0x55  stm8s_tim2.o [1]
  .near_func.text  ro code  0x008779   0x51  stm8s_tim4.o [1]
  .near_func.text  ro code  0x0087ca   0x50  stm8s_tim4.o [1]
  .near_func.text  ro code  0x00881a   0x36  stm8s_clk.o [1]
  .near_func.text  ro code  0x008850   0x32  stm8s_tim4.o [1]
  .near_func.text  ro code  0x008882   0x31  m_stm8s208_clk.o [1]
  .near_func.text  ro code  0x0088b3   0x30  main.o [1]
  .near_func.text  ro code  0x0088e3   0x2f  stm8s_clk.o [1]
  .near_func.text  ro code  0x008912   0x2f  stm8s_clk.o [1]
  .near_func.text  ro code  0x008941   0x2f  stm8s_tim4.o [1]
  .near_func.text  ro code  0x008970   0x2f  stm8s_tim4.o [1]
  .near_func.text  ro code  0x00899f   0x29  stm8s_it.o [1]
  .near_func.text  ro code  0x0089c8   0x28  stm8s_tim2.o [1]
  .near_func.text  ro code  0x0089f0   0x27  stm8s_it.o [1]
  .near_func.text  ro code  0x008a17   0x27  stm8s_it.o [1]
  .near_func.text  ro code  0x008a3e   0x26  main.o [1]
  .near_func.text  ro code  0x008a64   0x24  stm8s_tim4.o [1]
  .near_func.text  ro code  0x008a88   0x23  main.o [1]
  .near_func.text  ro code  0x008aab   0x1b  stm8s_gpio.o [1]
  .near_func.text  ro code  0x008ac6   0x19  stm8s_tim4.o [1]
  .near_func.text  ro code  0x008adf   0x17  init.o [4]
  .near_func.text  ro code  0x008af6   0x14  main.o [1]
  .near_func.text  ro code  0x008b0a   0x14  __dbg_xxexit.o [3]
  .near_func.text  ro code  0x008b1e   0x13  cstartup.o [4]
  .near_func.text  ro code  0x008b31    0x9  stm8s_gpio.o [1]
  .near_func.text  ro code  0x008b3a    0x8  short.o [4]
  .near_func.text  ro code  0x008b42    0x7  stm8s_gpio.o [1]
  .near_func.text  ro code  0x008b49    0x7  stm8s_gpio.o [1]
  .near_func.text  ro code  0x008b50    0x5  cexit.o [4]
  .near_func.text  ro code  0x008b55    0x4  stm8s_clk.o [1]
  .near_func.text  ro code  0x008b59    0x4  stm8s_gpio.o [1]
  .near_func.text  ro code  0x008b5d    0x3  interrupt.o [4]
  .near_func.text  ro code  0x008b60    0x3  low_level_init.o [4]
  .near_func.text  ro code  0x008b63    0x3  exit.o [4]
  .near_func.text  ro code  0x008b66    0x3  unhandled_exception.o [4]
  .near_func.text  ro code  0x008b69    0x2  main.o [1]
  .near_func.text  ro code  0x008b6b    0x1  stm8s_it.o [1]
  .near_func.text  ro code  0x008b6c    0x1  stm8s_it.o [1]
  .near_func.text  ro code  0x008b6d    0x1  stm8s_it.o [1]
  .near_func.text  ro code  0x008b6e    0x1  stm8s_it.o [1]
  .near_func.text  ro code  0x008b6f    0x1  stm8s_it.o [1]
  .near_func.text  ro code  0x008b70    0x1  stm8s_it.o [1]
  .near_func.text  ro code  0x008b71    0x1  stm8s_it.o [1]
  .near_func.text  ro code  0x008b72    0x1  stm8s_it.o [1]
  .near_func.text  ro code  0x008b73    0x1  stm8s_it.o [1]
  .near_func.text  ro code  0x008b74    0x1  stm8s_it.o [1]
  .near_func.text  ro code  0x008b75    0x1  stm8s_it.o [1]
  .near_func.text  ro code  0x008b76    0x1  stm8s_it.o [1]
  .near_func.text  ro code  0x008b77    0x1  stm8s_it.o [1]
  .near_func.text  ro code  0x008b78    0x1  stm8s_it.o [1]
  .near_func.text  ro code  0x008b79    0x1  stm8s_it.o [1]
  .near_func.text  ro code  0x008b7a    0x1  stm8s_it.o [1]
  .near_func.text  ro code  0x008b7b    0x1  stm8s_it.o [1]
  .near_func.text  ro code  0x008b7c    0x1  stm8s_it.o [1]
  .near_func.text  ro code  0x008b7d    0x1  stm8s_it.o [1]
  .near_func.text  ro code  0x008b7e    0x1  stm8s_it.o [1]
  .near_func.text  ro code  0x008b7f    0x1  stm8s_it.o [1]
  .near_func.text  ro code  0x008b80    0x1  stm8s_it.o [1]
  .near_func.text  ro code  0x008b81    0x1  stm8s_it.o [1]
  .near_func.text  ro code  0x008b82    0x1  __dbg_break.o [3]
                          - 0x008b83  0xb03



*******************************************************************************
*** MODULE SUMMARY
***

    Module                 ro code  ro data  rw data
    ------                 -------  -------  -------
E:\STM8S\Project_IAR\STM8S_Lesson4_STD_TIMER\TIMER_Exercise1\ProjectFile\Debug\Obj: [1]
    m_stm8s208_clk.o            49
    main.o                     143
    stm8s_clk.o                985       87
    stm8s_gpio.o               330       88
    stm8s_it.o                 142
    stm8s_tim2.o               214       88
    stm8s_tim4.o               366       88
    ------------------------------------------------
    Total:                   2 229      351

command line: [2]
    ------------------------------------------------
    Total:

dbgstm8smd.a: [3]
    __dbg_break.o                1
    __dbg_xxexit.o              20
    ------------------------------------------------
    Total:                      21

dlstm8smn.a: [4]
    cexit.o                      5
    cstartup.o                  19
    exit.o                       3
    init.o                      23
    interrupt.o                  3      128
    low_level_init.o             3
    short.o                      8
    unhandled_exception.o        3
    vreg_util.o                151
    vregs.o                                       16
    ------------------------------------------------
    Total:                     218      128       16

    Linker created                               256
----------------------------------------------------
    Grand Total:             2 468      479      272


*******************************************************************************
*** ENTRY LIST
***

Entry                      Address   Size  Type      Object
-----                      -------   ----  ----      ------
?b0                       0x000000         Data  Gb  vregs.o [4]
?b1                       0x000001         Data  Gb  vregs.o [4]
?b10                      0x00000a         Data  Gb  vregs.o [4]
?b11                      0x00000b         Data  Gb  vregs.o [4]
?b12                      0x00000c         Data  Gb  vregs.o [4]
?b13                      0x00000d         Data  Gb  vregs.o [4]
?b14                      0x00000e         Data  Gb  vregs.o [4]
?b15                      0x00000f         Data  Gb  vregs.o [4]
?b2                       0x000002         Data  Gb  vregs.o [4]
?b3                       0x000003         Data  Gb  vregs.o [4]
?b4                       0x000004         Data  Gb  vregs.o [4]
?b5                       0x000005         Data  Gb  vregs.o [4]
?b6                       0x000006         Data  Gb  vregs.o [4]
?b7                       0x000007         Data  Gb  vregs.o [4]
?b8                       0x000008         Data  Gb  vregs.o [4]
?b9                       0x000009         Data  Gb  vregs.o [4]
?e0                       0x000001         Data  Gb  vregs.o [4]
?e1                       0x000005         Data  Gb  vregs.o [4]
?e2                       0x000009         Data  Gb  vregs.o [4]
?e3                       0x00000d         Data  Gb  vregs.o [4]
?epilogue_l2              0x0084d2         Code  Gb  vreg_util.o [4]
?epilogue_l2_w6           0x0084d6         Code  Gb  vreg_util.o [4]
?epilogue_w4              0x0084dd         Code  Gb  vreg_util.o [4]
?l0                       0x000000         Data  Gb  vregs.o [4]
?l1                       0x000004         Data  Gb  vregs.o [4]
?l2                       0x000008         Data  Gb  vregs.o [4]
?l3                       0x00000c         Data  Gb  vregs.o [4]
?pop_l0                   0x0084a9         Code  Gb  vreg_util.o [4]
?pop_l1                   0x0084b4         Code  Gb  vreg_util.o [4]
?pop_l2                   0x0084bf         Code  Gb  vreg_util.o [4]
?pop_w4                   0x008467         Code  Gb  vreg_util.o [4]
?pop_w6                   0x00846e         Code  Gb  vreg_util.o [4]
?push_l0                  0x00847d         Code  Gb  vreg_util.o [4]
?push_l1                  0x008482         Code  Gb  vreg_util.o [4]
?push_l2                  0x008487         Code  Gb  vreg_util.o [4]
?push_w4                  0x00844a         Code  Gb  vreg_util.o [4]
?push_w6                  0x00844f         Code  Gb  vreg_util.o [4]
?sll16_x_x_a              0x008b3a         Code  Gb  short.o [4]
?w0                       0x000000         Data  Gb  vregs.o [4]
?w1                       0x000002         Data  Gb  vregs.o [4]
?w2                       0x000004         Data  Gb  vregs.o [4]
?w3                       0x000006         Data  Gb  vregs.o [4]
?w4                       0x000008         Data  Gb  vregs.o [4]
?w5                       0x00000a         Data  Gb  vregs.o [4]
?w6                       0x00000c         Data  Gb  vregs.o [4]
?w7                       0x00000e         Data  Gb  vregs.o [4]
ADC2_IRQHandler           0x008b7f    0x1  Code  Gb  stm8s_it.o [1]
AWU_IRQHandler            0x008b6c    0x1  Code  Gb  stm8s_it.o [1]
CAN_RX_IRQHandler         0x008b72    0x1  Code  Gb  stm8s_it.o [1]
CAN_TX_IRQHandler         0x008b73    0x1  Code  Gb  stm8s_it.o [1]
CLK_CONFIG_24MHZ_HSE      0x008882   0x31  Code  Gb  m_stm8s208_clk.o [1]
CLK_ClockSwitchCmd        0x008912   0x2f  Code  Gb  stm8s_clk.o [1]
CLK_ClockSwitchConfig     0x008080  0x131  Code  Gb  stm8s_clk.o [1]
CLK_DeInit                0x00881a   0x36  Code  Gb  stm8s_clk.o [1]
CLK_GetFlagStatus         0x0083a3   0xa7  Code  Gb  stm8s_clk.o [1]
CLK_GetSYSCLKSource       0x008b55    0x4  Code  Gb  stm8s_clk.o [1]
CLK_HSECmd                0x0088e3   0x2f  Code  Gb  stm8s_clk.o [1]
CLK_IRQHandler            0x008b6d    0x1  Code  Gb  stm8s_it.o [1]
CLK_PeripheralClockConfig
                          0x0082c5   0xde  Code  Gb  stm8s_clk.o [1]
CLK_SYSCLKConfig          0x0084e1   0x8b  Code  Gb  stm8s_clk.o [1]
CSTACK$$Base              0x001700          --   Gb  - Linker created -
CSTACK$$Limit             0x001800          --   Gb  - Linker created -
EEPROM_EEC_IRQHandler     0x008b81    0x1  Code  Gb  stm8s_it.o [1]
EXTI_PORTA_IRQHandler     0x008a17   0x27  Code  Gb  stm8s_it.o [1]
EXTI_PORTB_IRQHandler     0x008b6e    0x1  Code  Gb  stm8s_it.o [1]
EXTI_PORTC_IRQHandler     0x008b6f    0x1  Code  Gb  stm8s_it.o [1]
EXTI_PORTD_IRQHandler     0x008b70    0x1  Code  Gb  stm8s_it.o [1]
EXTI_PORTE_IRQHandler     0x008b71    0x1  Code  Gb  stm8s_it.o [1]
GPIO_DeInit               0x008aab   0x1b  Code  Gb  stm8s_gpio.o [1]
GPIO_Init                 0x0081b1  0x114  Code  Gb  stm8s_gpio.o [1]
GPIO_ReadInputPin         0x008b31    0x9  Code  Gb  stm8s_gpio.o [1]
GPIO_WriteHigh            0x008b42    0x7  Code  Gb  stm8s_gpio.o [1]
GPIO_WriteLow             0x008b59    0x4  Code  Gb  stm8s_gpio.o [1]
GPIO_WriteReverse         0x008b49    0x7  Code  Gb  stm8s_gpio.o [1]
GPIO_config               0x008af6   0x14  Code  Gb  main.o [1]
I2C_IRQHandler            0x008b7c    0x1  Code  Gb  stm8s_it.o [1]
INTVEC$$Base              0x008000          --   Gb  - Linker created -
INTVEC$$Limit             0x008080          --   Gb  - Linker created -
Region$$Table$$Base     0x00000000          --   Gb  - Linker created -
Region$$Table$$Limit    0x00000000          --   Gb  - Linker created -
SPI_IRQHandler            0x008b74    0x1  Code  Gb  stm8s_it.o [1]
TIM1_CAP_COM_IRQHandler
                          0x008b76    0x1  Code  Gb  stm8s_it.o [1]
TIM1_UPD_OVF_TRG_BRK_IRQHandler
                          0x008b75    0x1  Code  Gb  stm8s_it.o [1]
TIM2_CAP_COM_IRQHandler
                          0x008b77    0x1  Code  Gb  stm8s_it.o [1]
TIM2_ClearITPendingBit    0x0089c8   0x28  Code  Gb  stm8s_tim2.o [1]
TIM2_DeInit               0x00856c   0x59  Code  Gb  stm8s_tim2.o [1]
TIM2_GetITStatus          0x008724   0x55  Code  Gb  stm8s_tim2.o [1]
TIM2_UPD_OVF_BRK_IRQHandler
                          0x00899f   0x29  Code  Gb  stm8s_it.o [1]
TIM3_CAP_COM_IRQHandler
                          0x008b79    0x1  Code  Gb  stm8s_it.o [1]
TIM3_UPD_OVF_BRK_IRQHandler
                          0x008b78    0x1  Code  Gb  stm8s_it.o [1]
TIM4_ARRPreloadConfig     0x008970   0x2f  Code  Gb  stm8s_tim4.o [1]
TIM4_ClearFlag            0x008a64   0x24  Code  Gb  stm8s_tim4.o [1]
TIM4_Cmd                  0x008941   0x2f  Code  Gb  stm8s_tim4.o [1]
TIM4_DeInit               0x008ac6   0x19  Code  Gb  stm8s_tim4.o [1]
TIM4_GetFlagStatus        0x008850   0x32  Code  Gb  stm8s_tim4.o [1]
TIM4_ITConfig             0x0087ca   0x50  Code  Gb  stm8s_tim4.o [1]
TIM4_TimeBaseInit         0x008779   0x51  Code  Gb  stm8s_tim4.o [1]
TIM4_UPD_OVF_IRQHandler
                          0x008b80    0x1  Code  Gb  stm8s_it.o [1]
TIM4_config               0x0088b3   0x30  Code  Gb  main.o [1]
TLI_IRQHandler            0x0089f0   0x27  Code  Gb  stm8s_it.o [1]
TRAP_IRQHandler           0x008b6b    0x1  Code  Gb  stm8s_it.o [1]
UART1_RX_IRQHandler       0x008b7b    0x1  Code  Gb  stm8s_it.o [1]
UART1_TX_IRQHandler       0x008b7a    0x1  Code  Gb  stm8s_it.o [1]
UART3_RX_IRQHandler       0x008b7e    0x1  Code  Gb  stm8s_it.o [1]
UART3_TX_IRQHandler       0x008b7d    0x1  Code  Gb  stm8s_it.o [1]
__DebugBreak              0x008b82    0x1  Code  Gb  __dbg_break.o [3]
__exit                    0x008b0a   0x14  Code  Gb  __dbg_xxexit.o [3]
__iar_data_init2          0x008adf   0x17  Code  Gb  init.o [4]
__iar_program_start       0x008b1e         Code  Gb  cstartup.o [4]
__iar_unhandled_exception
                          0x008b66         Code  Gb  unhandled_exception.o [4]
__intvec                  0x008000         Data  Gb  interrupt.o [4]
__low_level_init          0x008b60    0x3  Code  Gb  low_level_init.o [4]
_exit                     0x008b50         Code  Gb  cexit.o [4]
_interrupt_1              0x008b6b         Code  Gb  stm8s_it.o [1]
_interrupt_10             0x008b72         Code  Gb  stm8s_it.o [1]
_interrupt_11             0x008b73         Code  Gb  stm8s_it.o [1]
_interrupt_12             0x008b74         Code  Gb  stm8s_it.o [1]
_interrupt_13             0x008b75         Code  Gb  stm8s_it.o [1]
_interrupt_14             0x008b76         Code  Gb  stm8s_it.o [1]
_interrupt_15             0x00899f         Code  Gb  stm8s_it.o [1]
_interrupt_16             0x008b77         Code  Gb  stm8s_it.o [1]
_interrupt_17             0x008b78         Code  Gb  stm8s_it.o [1]
_interrupt_18             0x008b79         Code  Gb  stm8s_it.o [1]
_interrupt_19             0x008b7a         Code  Gb  stm8s_it.o [1]
_interrupt_2              0x0089f0         Code  Gb  stm8s_it.o [1]
_interrupt_20             0x008b7b         Code  Gb  stm8s_it.o [1]
_interrupt_21             0x008b7c         Code  Gb  stm8s_it.o [1]
_interrupt_22             0x008b7d         Code  Gb  stm8s_it.o [1]
_interrupt_23             0x008b7e         Code  Gb  stm8s_it.o [1]
_interrupt_24             0x008b7f         Code  Gb  stm8s_it.o [1]
_interrupt_25             0x008b80         Code  Gb  stm8s_it.o [1]
_interrupt_26             0x008b81         Code  Gb  stm8s_it.o [1]
_interrupt_3              0x008b6c         Code  Gb  stm8s_it.o [1]
_interrupt_4              0x008b6d         Code  Gb  stm8s_it.o [1]
_interrupt_5              0x008a17         Code  Gb  stm8s_it.o [1]
_interrupt_6              0x008b6e         Code  Gb  stm8s_it.o [1]
_interrupt_7              0x008b6f         Code  Gb  stm8s_it.o [1]
_interrupt_8              0x008b70         Code  Gb  stm8s_it.o [1]
_interrupt_9              0x008b71         Code  Gb  stm8s_it.o [1]
assert_failed             0x008b69    0x2  Code  Gb  main.o [1]
delay_ms_TIM4             0x008a3e   0x26  Code  Gb  main.o [1]
exit                      0x008b63    0x3  Code  Gb  exit.o [4]
main                      0x008a88   0x23  Code  Gb  main.o [1]


[1] = E:\STM8S\Project_IAR\STM8S_Lesson4_STD_TIMER\TIMER_Exercise1\ProjectFile\Debug\Obj
[2] = command line
[3] = dbgstm8smd.a
[4] = dlstm8smn.a

  2 468 bytes of readonly  code memory
    479 bytes of readonly  data memory
    272 bytes of readwrite data memory

Errors: none
Warnings: none
