###############################################################################
#
# IAR ELF Linker V2.20.1.176 for STM8                     13/Mar/2023  13:56:06
# Copyright 2010-2015 IAR Systems AB.
#
#    Output file  =  
#        E:\STM8S\Project_IAR\STM8S_Lesson3_STD_EXT_INTERRUPT\EXTI_Exercise3\ProjectFile\Debug\Exe\EXTI_Exercise3.out
#    Map file     =  
#        E:\STM8S\Project_IAR\STM8S_Lesson3_STD_EXT_INTERRUPT\EXTI_Exercise3\ProjectFile\Debug\List\EXTI_Exercise3.map
#    Command line =  
#        E:\STM8S\Project_IAR\STM8S_Lesson3_STD_EXT_INTERRUPT\EXTI_Exercise3\ProjectFile\Debug\Obj\m_stm8s208_clk.o
#        E:\STM8S\Project_IAR\STM8S_Lesson3_STD_EXT_INTERRUPT\EXTI_Exercise3\ProjectFile\Debug\Obj\main.o
#        E:\STM8S\Project_IAR\STM8S_Lesson3_STD_EXT_INTERRUPT\EXTI_Exercise3\ProjectFile\Debug\Obj\stm8s_clk.o
#        E:\STM8S\Project_IAR\STM8S_Lesson3_STD_EXT_INTERRUPT\EXTI_Exercise3\ProjectFile\Debug\Obj\stm8s_exti.o
#        E:\STM8S\Project_IAR\STM8S_Lesson3_STD_EXT_INTERRUPT\EXTI_Exercise3\ProjectFile\Debug\Obj\stm8s_gpio.o
#        E:\STM8S\Project_IAR\STM8S_Lesson3_STD_EXT_INTERRUPT\EXTI_Exercise3\ProjectFile\Debug\Obj\stm8s_it.o
#        E:\STM8S\Project_IAR\STM8S_Lesson3_STD_EXT_INTERRUPT\EXTI_Exercise3\ProjectFile\Debug\Obj\stm8s_itc.o
#        --redirect _Printf=_PrintfSmall --redirect _Scanf=_ScanfSmall -o
#        E:\STM8S\Project_IAR\STM8S_Lesson3_STD_EXT_INTERRUPT\EXTI_Exercise3\ProjectFile\Debug\Exe\EXTI_Exercise3.out
#        --map
#        E:\STM8S\Project_IAR\STM8S_Lesson3_STD_EXT_INTERRUPT\EXTI_Exercise3\ProjectFile\Debug\List\EXTI_Exercise3.map
#        --config "C:\Program Files (x86)\IAR Systems\Embedded Workbench
#        7.3\stm8\config\lnkstm8s208c8.icf" --config_def _CSTACK_SIZE=0x100
#        --config_def _HEAP_SIZE=0x100 --entry __iar_program_start --debug_lib
#
###############################################################################

*******************************************************************************
*** RUNTIME MODEL ATTRIBUTES
***

__SystemLibrary            = DLib
__code_model               = small
__core                     = stm8
__data_model               = medium
__dlib_file_descriptor     = 0
__dlib_full_locale_support = 0
__rt_version               = 4


*******************************************************************************
*** PLACEMENT SUMMARY
***

"A1":  place at start of [0x000000-0x0000ff] { rw section .vregs };
"A2":  place at end of [0x000000-0x0017ff] { block CSTACK };
"P2":  place in [from 0x000000 to 0x0017ff] {
          block HEAP, rw section __DLIB_PERTHREAD, rw section .far.bss,
          rw section .far.data, rw section .far.noinit,
          rw section .far_func.textrw, rw section .huge.bss,
          rw section .huge.data, rw section .huge.noinit,
          rw section .huge_func.textrw, rw section .iar.dynexit,
          rw section .near.bss, rw section .near.data, rw section .near.noinit,
          rw section .near_func.textrw };
"A3":  place at start of [0x008000-0x00ffff] { block INTVEC };
"P3":  place in [from 0x008000 to 0x00ffff] {
          ro section __DLIB_PERTHREAD_init, ro section .far.data_init,
          ro section .far_func.textrw_init, ro section .huge.data_init,
          ro section .huge_func.textrw_init, ro section .iar.init_table,
          ro section .init_array, ro section .near.data_init,
          ro section .near.rodata, ro section .near_func.text,
          ro section .near_func.textrw_init, ro section .tiny.data_init,
          ro section .tiny.rodata_init };

  Section            Kind      Address   Size  Object
  -------            ----      -------   ----  ------
"A1":                                    0x10
  .vregs             uninit   0x000000   0x10  vregs.o [4]
                            - 0x000010   0x10

"P2":                                     0x4
  P2-1                        0x000010    0x4  <Init block>
    .near.data       inited   0x000010    0x1  main.o [1]
    .near.data       inited   0x000011    0x1  main.o [1]
    .near.data       inited   0x000012    0x1  main.o [1]
    .near.data       inited   0x000013    0x1  main.o [1]
                            - 0x000014    0x4

"A2":                                   0x100
  CSTACK                      0x001700  0x100  <Block>
    CSTACK           uninit   0x001700  0x100  <Block tail>
                            - 0x001800  0x100

"A3":                                    0x80
  INTVEC                      0x008000   0x80  <Block>
    .intvec          const    0x008000   0x80  interrupt.o [4]
                            - 0x008080   0x80

"P3":                                   0x9e7
  .near_func.text    ro code  0x008080  0x16c  stm8s_itc.o [1]
  .near_func.text    ro code  0x0081ec  0x131  stm8s_clk.o [1]
  .near_func.text    ro code  0x00831d  0x114  stm8s_gpio.o [1]
  .near_func.text    ro code  0x008431   0xe4  stm8s_itc.o [1]
  .near_func.text    ro code  0x008515   0xd1  stm8s_exti.o [1]
  .near_func.text    ro code  0x0085e6   0x97  vreg_util.o [4]
  .near_func.text    ro code  0x00867d   0x8b  stm8s_clk.o [1]
  .near_func.text    ro code  0x008708   0x6e  main.o [1]
  .near.rodata       const    0x008776   0x5f  stm8s_exti.o [1]
  .near.rodata       const    0x0087d5   0x5f  stm8s_gpio.o [1]
  .near.rodata       const    0x008834   0x5e  stm8s_clk.o [1]
  .near.rodata       const    0x008892   0x5e  stm8s_itc.o [1]
  .near_func.text    ro code  0x0088f0   0x36  stm8s_clk.o [1]
  .near_func.text    ro code  0x008926   0x28  init_small.o [4]
  .near_func.text    ro code  0x00894e   0x27  stm8s_it.o [1]
  .near_func.text    ro code  0x008975   0x27  stm8s_it.o [1]
  .iar.init_table    const    0x00899c    0xa  - Linker created -
  .near_func.text    ro code  0x0089a6   0x17  init.o [4]
  .near_func.text    ro code  0x0089bd   0x15  m_stm8s208_clk.o [1]
  .near_func.text    ro code  0x0089d2   0x14  __dbg_xxexit.o [3]
  .near_func.text    ro code  0x0089e6   0x13  cstartup.o [4]
  .near_func.text    ro code  0x0089f9   0x10  char.o [4]
  .near_func.text    ro code  0x008a09    0x9  stm8s_exti.o [1]
  .near_func.text    ro code  0x008a12    0x9  stm8s_gpio.o [1]
  .near_func.text    ro code  0x008a1b    0x8  short.o [4]
  .near_func.text    ro code  0x008a23    0x7  stm8s_gpio.o [1]
  .near_func.text    ro code  0x008a2a    0x6  stm8s_itc.o [1]
  .near_func.text    ro code  0x008a30    0x5  cexit.o [4]
  .near_func.text    ro code  0x008a35    0x4  stm8s_gpio.o [1]
  Initializer bytes  const    0x008a39    0x4  <for P2-1>
  .near_func.text    ro code  0x008a3d    0x3  stm8s_itc.o [1]
  .near_func.text    ro code  0x008a40    0x3  interrupt.o [4]
  .near_func.text    ro code  0x008a43    0x3  low_level_init.o [4]
  .near_func.text    ro code  0x008a46    0x3  exit.o [4]
  .near_func.text    ro code  0x008a49    0x3  unhandled_exception.o [4]
  .near_func.text    ro code  0x008a4c    0x2  main.o [1]
  .near_func.text    ro code  0x008a4e    0x1  stm8s_it.o [1]
  .near_func.text    ro code  0x008a4f    0x1  stm8s_it.o [1]
  .near_func.text    ro code  0x008a50    0x1  stm8s_it.o [1]
  .near_func.text    ro code  0x008a51    0x1  stm8s_it.o [1]
  .near_func.text    ro code  0x008a52    0x1  stm8s_it.o [1]
  .near_func.text    ro code  0x008a53    0x1  stm8s_it.o [1]
  .near_func.text    ro code  0x008a54    0x1  stm8s_it.o [1]
  .near_func.text    ro code  0x008a55    0x1  stm8s_it.o [1]
  .near_func.text    ro code  0x008a56    0x1  stm8s_it.o [1]
  .near_func.text    ro code  0x008a57    0x1  stm8s_it.o [1]
  .near_func.text    ro code  0x008a58    0x1  stm8s_it.o [1]
  .near_func.text    ro code  0x008a59    0x1  stm8s_it.o [1]
  .near_func.text    ro code  0x008a5a    0x1  stm8s_it.o [1]
  .near_func.text    ro code  0x008a5b    0x1  stm8s_it.o [1]
  .near_func.text    ro code  0x008a5c    0x1  stm8s_it.o [1]
  .near_func.text    ro code  0x008a5d    0x1  stm8s_it.o [1]
  .near_func.text    ro code  0x008a5e    0x1  stm8s_it.o [1]
  .near_func.text    ro code  0x008a5f    0x1  stm8s_it.o [1]
  .near_func.text    ro code  0x008a60    0x1  stm8s_it.o [1]
  .near_func.text    ro code  0x008a61    0x1  stm8s_it.o [1]
  .near_func.text    ro code  0x008a62    0x1  stm8s_it.o [1]
  .near_func.text    ro code  0x008a63    0x1  stm8s_it.o [1]
  .near_func.text    ro code  0x008a64    0x1  stm8s_it.o [1]
  .near_func.text    ro code  0x008a65    0x1  stm8s_it.o [1]
  .near_func.text    ro code  0x008a66    0x1  __dbg_break.o [3]
                            - 0x008a67  0x9e7


*******************************************************************************
*** INIT TABLE
***

          Address   Size
          -------   ----
Copy (__iar_copy_init2)
    1 source range, total size 0x4:
          0x008a39   0x4
    1 destination range, total size 0x4:
          0x000010   0x4



*******************************************************************************
*** MODULE SUMMARY
***

    Module                 ro code  ro data  rw data
    ------                 -------  -------  -------
E:\STM8S\Project_IAR\STM8S_Lesson3_STD_EXT_INTERRUPT\EXTI_Exercise3\ProjectFile\Debug\Obj: [1]
    m_stm8s208_clk.o            21
    main.o                     112        4        4
    stm8s_clk.o                498       94
    stm8s_exti.o               218       95
    stm8s_gpio.o               296       95
    stm8s_it.o                 102
    stm8s_itc.o                601       94
    ------------------------------------------------
    Total:                   1 848      382        4

command line: [2]
    ------------------------------------------------
    Total:

dbgstm8smd.a: [3]
    __dbg_break.o                1
    __dbg_xxexit.o              20
    ------------------------------------------------
    Total:                      21

dlstm8smn.a: [4]
    cexit.o                      5
    char.o                      16
    cstartup.o                  19
    exit.o                       3
    init.o                      23
    init_small.o                40
    interrupt.o                  3      128
    low_level_init.o             3
    short.o                      8
    unhandled_exception.o        3
    vreg_util.o                151
    vregs.o                                       16
    ------------------------------------------------
    Total:                     274      128       16

    Linker created                       10      256
----------------------------------------------------
    Grand Total:             2 143      520      276


*******************************************************************************
*** ENTRY LIST
***

Entry                    Address   Size  Type      Object
-----                    -------   ----  ----      ------
.iar.init_table$$Base   0x00899c          --   Gb  - Linker created -
.iar.init_table$$Limit  0x0089a6          --   Gb  - Linker created -
?b0                     0x000000         Data  Gb  vregs.o [4]
?b1                     0x000001         Data  Gb  vregs.o [4]
?b10                    0x00000a         Data  Gb  vregs.o [4]
?b11                    0x00000b         Data  Gb  vregs.o [4]
?b12                    0x00000c         Data  Gb  vregs.o [4]
?b13                    0x00000d         Data  Gb  vregs.o [4]
?b14                    0x00000e         Data  Gb  vregs.o [4]
?b15                    0x00000f         Data  Gb  vregs.o [4]
?b2                     0x000002         Data  Gb  vregs.o [4]
?b3                     0x000003         Data  Gb  vregs.o [4]
?b4                     0x000004         Data  Gb  vregs.o [4]
?b5                     0x000005         Data  Gb  vregs.o [4]
?b6                     0x000006         Data  Gb  vregs.o [4]
?b7                     0x000007         Data  Gb  vregs.o [4]
?b8                     0x000008         Data  Gb  vregs.o [4]
?b9                     0x000009         Data  Gb  vregs.o [4]
?e0                     0x000001         Data  Gb  vregs.o [4]
?e1                     0x000005         Data  Gb  vregs.o [4]
?e2                     0x000009         Data  Gb  vregs.o [4]
?e3                     0x00000d         Data  Gb  vregs.o [4]
?epilogue_l2            0x00866e         Code  Gb  vreg_util.o [4]
?epilogue_l2_w6         0x008672         Code  Gb  vreg_util.o [4]
?epilogue_w4            0x008679         Code  Gb  vreg_util.o [4]
?l0                     0x000000         Data  Gb  vregs.o [4]
?l1                     0x000004         Data  Gb  vregs.o [4]
?l2                     0x000008         Data  Gb  vregs.o [4]
?l3                     0x00000c         Data  Gb  vregs.o [4]
?pop_l0                 0x008645         Code  Gb  vreg_util.o [4]
?pop_l1                 0x008650         Code  Gb  vreg_util.o [4]
?pop_l2                 0x00865b         Code  Gb  vreg_util.o [4]
?pop_w4                 0x008603         Code  Gb  vreg_util.o [4]
?pop_w6                 0x00860a         Code  Gb  vreg_util.o [4]
?push_l0                0x008619         Code  Gb  vreg_util.o [4]
?push_l1                0x00861e         Code  Gb  vreg_util.o [4]
?push_l2                0x008623         Code  Gb  vreg_util.o [4]
?push_w4                0x0085e6         Code  Gb  vreg_util.o [4]
?push_w6                0x0085eb         Code  Gb  vreg_util.o [4]
?sll16_x_x_a            0x008a1b         Code  Gb  short.o [4]
?sll8_a_a_5             0x008a04         Code  Gb  char.o [4]
?sll8_a_a_6             0x008a03         Code  Gb  char.o [4]
?srl8_a_a_b0            0x0089f9         Code  Gb  char.o [4]
?w0                     0x000000         Data  Gb  vregs.o [4]
?w1                     0x000002         Data  Gb  vregs.o [4]
?w2                     0x000004         Data  Gb  vregs.o [4]
?w3                     0x000006         Data  Gb  vregs.o [4]
?w4                     0x000008         Data  Gb  vregs.o [4]
?w5                     0x00000a         Data  Gb  vregs.o [4]
?w6                     0x00000c         Data  Gb  vregs.o [4]
?w7                     0x00000e         Data  Gb  vregs.o [4]
ADC2_IRQHandler         0x008a63    0x1  Code  Gb  stm8s_it.o [1]
AWU_IRQHandler          0x008a50    0x1  Code  Gb  stm8s_it.o [1]
CAN_RX_IRQHandler       0x008a55    0x1  Code  Gb  stm8s_it.o [1]
CAN_TX_IRQHandler       0x008a56    0x1  Code  Gb  stm8s_it.o [1]
CLK_CONFIG_24MHZ_HSE    0x0089bd   0x15  Code  Gb  m_stm8s208_clk.o [1]
CLK_ClockSwitchConfig   0x0081ec  0x131  Code  Gb  stm8s_clk.o [1]
CLK_DeInit              0x0088f0   0x36  Code  Gb  stm8s_clk.o [1]
CLK_IRQHandler          0x008a51    0x1  Code  Gb  stm8s_it.o [1]
CLK_SYSCLKConfig        0x00867d   0x8b  Code  Gb  stm8s_clk.o [1]
CSTACK$$Base            0x001700          --   Gb  - Linker created -
CSTACK$$Limit           0x001800          --   Gb  - Linker created -
EEPROM_EEC_IRQHandler   0x008a65    0x1  Code  Gb  stm8s_it.o [1]
EXTI_DeInit             0x008a09    0x9  Code  Gb  stm8s_exti.o [1]
EXTI_PORTA_IRQHandler   0x00894e   0x27  Code  Gb  stm8s_it.o [1]
EXTI_PORTB_IRQHandler   0x008975   0x27  Code  Gb  stm8s_it.o [1]
EXTI_PORTC_IRQHandler   0x008a52    0x1  Code  Gb  stm8s_it.o [1]
EXTI_PORTD_IRQHandler   0x008a53    0x1  Code  Gb  stm8s_it.o [1]
EXTI_PORTE_IRQHandler   0x008a54    0x1  Code  Gb  stm8s_it.o [1]
EXTI_SetExtIntSensitivity
                        0x008515   0xd1  Code  Gb  stm8s_exti.o [1]
GPIO_Init               0x00831d  0x114  Code  Gb  stm8s_gpio.o [1]
GPIO_ReadInputPin       0x008a12    0x9  Code  Gb  stm8s_gpio.o [1]
GPIO_WriteHigh          0x008a23    0x7  Code  Gb  stm8s_gpio.o [1]
GPIO_WriteLow           0x008a35    0x4  Code  Gb  stm8s_gpio.o [1]
I2C_IRQHandler          0x008a60    0x1  Code  Gb  stm8s_it.o [1]
INTVEC$$Base            0x008000          --   Gb  - Linker created -
INTVEC$$Limit           0x008080          --   Gb  - Linker created -
ITC_GetCPUCC            0x008a3d    0x3  Code  Gb  stm8s_itc.o [1]
ITC_GetSoftIntStatus    0x008a2a    0x6  Code  Gb  stm8s_itc.o [1]
ITC_GetSoftwarePriority
                        0x008431   0xe4  Code  Gb  stm8s_itc.o [1]
ITC_SetSoftwarePriority
                        0x008080  0x16c  Code  Gb  stm8s_itc.o [1]
Region$$Table$$Base     0x00899c          --   Gb  - Linker created -
Region$$Table$$Limit    0x0089a6          --   Gb  - Linker created -
SPI_IRQHandler          0x008a57    0x1  Code  Gb  stm8s_it.o [1]
TIM1_CAP_COM_IRQHandler
                        0x008a59    0x1  Code  Gb  stm8s_it.o [1]
TIM1_UPD_OVF_TRG_BRK_IRQHandler
                        0x008a58    0x1  Code  Gb  stm8s_it.o [1]
TIM2_CAP_COM_IRQHandler
                        0x008a5b    0x1  Code  Gb  stm8s_it.o [1]
TIM2_UPD_OVF_BRK_IRQHandler
                        0x008a5a    0x1  Code  Gb  stm8s_it.o [1]
TIM3_CAP_COM_IRQHandler
                        0x008a5d    0x1  Code  Gb  stm8s_it.o [1]
TIM3_UPD_OVF_BRK_IRQHandler
                        0x008a5c    0x1  Code  Gb  stm8s_it.o [1]
TIM4_UPD_OVF_IRQHandler
                        0x008a64    0x1  Code  Gb  stm8s_it.o [1]
TLI_IRQHandler          0x008a4f    0x1  Code  Gb  stm8s_it.o [1]
TRAP_IRQHandler         0x008a4e    0x1  Code  Gb  stm8s_it.o [1]
UART1_RX_IRQHandler     0x008a5f    0x1  Code  Gb  stm8s_it.o [1]
UART1_TX_IRQHandler     0x008a5e    0x1  Code  Gb  stm8s_it.o [1]
UART3_RX_IRQHandler     0x008a62    0x1  Code  Gb  stm8s_it.o [1]
UART3_TX_IRQHandler     0x008a61    0x1  Code  Gb  stm8s_it.o [1]
__DebugBreak            0x008a66    0x1  Code  Gb  __dbg_break.o [3]
__exit                  0x0089d2   0x14  Code  Gb  __dbg_xxexit.o [3]
__iar_copy_init2        0x008926         Code  Gb  init_small.o [4]
__iar_data_init2        0x0089a6   0x17  Code  Gb  init.o [4]
__iar_program_start     0x0089e6         Code  Gb  cstartup.o [4]
__iar_unhandled_exception
                        0x008a49         Code  Gb  unhandled_exception.o [4]
__intvec                0x008000         Data  Gb  interrupt.o [4]
__low_level_init        0x008a43    0x3  Code  Gb  low_level_init.o [4]
_exit                   0x008a30         Code  Gb  cexit.o [4]
_interrupt_1            0x008a4e         Code  Gb  stm8s_it.o [1]
_interrupt_10           0x008a55         Code  Gb  stm8s_it.o [1]
_interrupt_11           0x008a56         Code  Gb  stm8s_it.o [1]
_interrupt_12           0x008a57         Code  Gb  stm8s_it.o [1]
_interrupt_13           0x008a58         Code  Gb  stm8s_it.o [1]
_interrupt_14           0x008a59         Code  Gb  stm8s_it.o [1]
_interrupt_15           0x008a5a         Code  Gb  stm8s_it.o [1]
_interrupt_16           0x008a5b         Code  Gb  stm8s_it.o [1]
_interrupt_17           0x008a5c         Code  Gb  stm8s_it.o [1]
_interrupt_18           0x008a5d         Code  Gb  stm8s_it.o [1]
_interrupt_19           0x008a5e         Code  Gb  stm8s_it.o [1]
_interrupt_2            0x008a4f         Code  Gb  stm8s_it.o [1]
_interrupt_20           0x008a5f         Code  Gb  stm8s_it.o [1]
_interrupt_21           0x008a60         Code  Gb  stm8s_it.o [1]
_interrupt_22           0x008a61         Code  Gb  stm8s_it.o [1]
_interrupt_23           0x008a62         Code  Gb  stm8s_it.o [1]
_interrupt_24           0x008a63         Code  Gb  stm8s_it.o [1]
_interrupt_25           0x008a64         Code  Gb  stm8s_it.o [1]
_interrupt_26           0x008a65         Code  Gb  stm8s_it.o [1]
_interrupt_3            0x008a50         Code  Gb  stm8s_it.o [1]
_interrupt_4            0x008a51         Code  Gb  stm8s_it.o [1]
_interrupt_5            0x00894e         Code  Gb  stm8s_it.o [1]
_interrupt_6            0x008975         Code  Gb  stm8s_it.o [1]
_interrupt_7            0x008a52         Code  Gb  stm8s_it.o [1]
_interrupt_8            0x008a53         Code  Gb  stm8s_it.o [1]
_interrupt_9            0x008a54         Code  Gb  stm8s_it.o [1]
assert_failed           0x008a4c    0x2  Code  Gb  main.o [1]
exit                    0x008a46    0x3  Code  Gb  exit.o [4]
main                    0x008708   0x6e  Code  Gb  main.o [1]
prior1                  0x000012    0x1  Data  Gb  main.o [1]
prior1_pre              0x000010    0x1  Data  Gb  main.o [1]
prior2                  0x000013    0x1  Data  Gb  main.o [1]
prior2_pre              0x000011    0x1  Data  Gb  main.o [1]


[1] = E:\STM8S\Project_IAR\STM8S_Lesson3_STD_EXT_INTERRUPT\EXTI_Exercise3\ProjectFile\Debug\Obj
[2] = command line
[3] = dbgstm8smd.a
[4] = dlstm8smn.a

  2 143 bytes of readonly  code memory
    520 bytes of readonly  data memory
    276 bytes of readwrite data memory

Errors: none
Warnings: none
