###############################################################################
#
# IAR ELF Linker V2.20.1.176 for STM8                     17/Mar/2023  11:18:15
# Copyright 2010-2015 IAR Systems AB.
#
#    Output file  =  
#        E:\STM8S\Project_IAR\STM8S_Lesson6_STD_ADC\ADC_Exercise1\ProjectFile\Debug\Exe\ADC_Exercise1.out
#    Map file     =  
#        E:\STM8S\Project_IAR\STM8S_Lesson6_STD_ADC\ADC_Exercise1\ProjectFile\Debug\List\ADC_Exercise1.map
#    Command line =  
#        E:\STM8S\Project_IAR\STM8S_Lesson6_STD_ADC\ADC_Exercise1\ProjectFile\Debug\Obj\m_stm8s208_clk.o
#        E:\STM8S\Project_IAR\STM8S_Lesson6_STD_ADC\ADC_Exercise1\ProjectFile\Debug\Obj\m_stm8s208_tim4.o
#        E:\STM8S\Project_IAR\STM8S_Lesson6_STD_ADC\ADC_Exercise1\ProjectFile\Debug\Obj\main.o
#        E:\STM8S\Project_IAR\STM8S_Lesson6_STD_ADC\ADC_Exercise1\ProjectFile\Debug\Obj\stm8s_adc2.o
#        E:\STM8S\Project_IAR\STM8S_Lesson6_STD_ADC\ADC_Exercise1\ProjectFile\Debug\Obj\stm8s_clk.o
#        E:\STM8S\Project_IAR\STM8S_Lesson6_STD_ADC\ADC_Exercise1\ProjectFile\Debug\Obj\stm8s_gpio.o
#        E:\STM8S\Project_IAR\STM8S_Lesson6_STD_ADC\ADC_Exercise1\ProjectFile\Debug\Obj\stm8s_it.o
#        E:\STM8S\Project_IAR\STM8S_Lesson6_STD_ADC\ADC_Exercise1\ProjectFile\Debug\Obj\stm8s_tim4.o
#        --redirect _Printf=_PrintfSmall --redirect _Scanf=_ScanfSmall -o
#        E:\STM8S\Project_IAR\STM8S_Lesson6_STD_ADC\ADC_Exercise1\ProjectFile\Debug\Exe\ADC_Exercise1.out
#        --map
#        E:\STM8S\Project_IAR\STM8S_Lesson6_STD_ADC\ADC_Exercise1\ProjectFile\Debug\List\ADC_Exercise1.map
#        --config "C:\Program Files (x86)\IAR Systems\Embedded Workbench
#        7.3\stm8\config\lnkstm8s208c8.icf" --config_def _CSTACK_SIZE=0x100
#        --config_def _HEAP_SIZE=0x100 --entry __iar_program_start --debug_lib
#
###############################################################################

*******************************************************************************
*** RUNTIME MODEL ATTRIBUTES
***

__SystemLibrary            = DLib
__code_model               = small
__core                     = stm8
__data_model               = medium
__dlib_file_descriptor     = 0
__dlib_full_locale_support = 0
__rt_version               = 4


*******************************************************************************
*** PLACEMENT SUMMARY
***

"A1":  place at start of [0x000000-0x0000ff] { rw section .vregs };
"A2":  place at end of [0x000000-0x0017ff] { block CSTACK };
"P2":  place in [from 0x000000 to 0x0017ff] {
          block HEAP, rw section __DLIB_PERTHREAD, rw section .far.bss,
          rw section .far.data, rw section .far.noinit,
          rw section .far_func.textrw, rw section .huge.bss,
          rw section .huge.data, rw section .huge.noinit,
          rw section .huge_func.textrw, rw section .iar.dynexit,
          rw section .near.bss, rw section .near.data, rw section .near.noinit,
          rw section .near_func.textrw };
"A3":  place at start of [0x008000-0x00ffff] { block INTVEC };
"P3":  place in [from 0x008000 to 0x00ffff] {
          ro section __DLIB_PERTHREAD_init, ro section .far.data_init,
          ro section .far_func.textrw_init, ro section .huge.data_init,
          ro section .huge_func.textrw_init, ro section .iar.init_table,
          ro section .init_array, ro section .near.data_init,
          ro section .near.rodata, ro section .near_func.text,
          ro section .near_func.textrw_init, ro section .tiny.data_init,
          ro section .tiny.rodata_init };

  Section          Kind      Address   Size  Object
  -------          ----      -------   ----  ------
"A1":                                  0x10
  .vregs           uninit   0x000000   0x10  vregs.o [4]
                          - 0x000010   0x10

"P2":                                   0x2
  .near.bss        zero     0x000010    0x2  main.o [1]
                          - 0x000012    0x2

"A2":                                 0x100
  CSTACK                    0x001700  0x100  <Block>
    CSTACK         uninit   0x001700  0x100  <Block tail>
                          - 0x001800  0x100

"A3":                                  0x80
  INTVEC                    0x008000   0x80  <Block>
    .intvec        const    0x008000   0x80  interrupt.o [4]
                          - 0x008080   0x80

"P3":                                 0xf25
  .near_func.text  ro code  0x008080  0x1d6  stm8s_adc2.o [1]
  .near_func.text  ro code  0x008256  0x131  stm8s_clk.o [1]
  .near_func.text  ro code  0x008387  0x11a  stm8s_adc2.o [1]
  .near_func.text  ro code  0x0084a1  0x114  stm8s_gpio.o [1]
  .near_func.text  ro code  0x0085b5   0xde  stm8s_clk.o [1]
  .near_func.text  ro code  0x008693   0xdc  stm8s_adc2.o [1]
  .near_func.text  ro code  0x00876f   0xa7  stm8s_clk.o [1]
  .near_func.text  ro code  0x008816   0x8b  stm8s_clk.o [1]
  .near_func.text  ro code  0x0088a1   0x8a  vreg_util.o [4]
  .near_func.text  ro code  0x00892b   0x59  stm8s_adc2.o [1]
  .near_func.text  ro code  0x008984   0x55  stm8s_adc2.o [1]
  .near.rodata     const    0x0089d9   0x54  stm8s_adc2.o [1]
  .near.rodata     const    0x008a2d   0x54  stm8s_gpio.o [1]
  .near.rodata     const    0x008a81   0x54  stm8s_tim4.o [1]
  .near.rodata     const    0x008ad5   0x53  stm8s_clk.o [1]
  .near_func.text  ro code  0x008b28   0x53  stm8s_adc2.o [1]
  .near_func.text  ro code  0x008b7b   0x51  stm8s_tim4.o [1]
  .near_func.text  ro code  0x008bcc   0x50  stm8s_tim4.o [1]
  .near_func.text  ro code  0x008c1c   0x36  stm8s_clk.o [1]
  .near_func.text  ro code  0x008c52   0x32  stm8s_tim4.o [1]
  .near_func.text  ro code  0x008c84   0x31  m_stm8s208_clk.o [1]
  .near_func.text  ro code  0x008cb5   0x30  main.o [1]
  .near_func.text  ro code  0x008ce5   0x2f  stm8s_adc2.o [1]
  .near_func.text  ro code  0x008d14   0x2f  stm8s_adc2.o [1]
  .near_func.text  ro code  0x008d43   0x2f  stm8s_clk.o [1]
  .near_func.text  ro code  0x008d72   0x2f  stm8s_clk.o [1]
  .near_func.text  ro code  0x008da1   0x2f  stm8s_tim4.o [1]
  .near_func.text  ro code  0x008dd0   0x2f  stm8s_tim4.o [1]
  .near_func.text  ro code  0x008dff   0x2d  m_stm8s208_tim4.o [1]
  .near_func.text  ro code  0x008e2c   0x26  m_stm8s208_tim4.o [1]
  .near_func.text  ro code  0x008e52   0x24  main.o [1]
  .near_func.text  ro code  0x008e76   0x24  stm8s_tim4.o [1]
  .iar.init_table  const    0x008e9a    0x8  - Linker created -
  .near_func.text  ro code  0x008ea2   0x1e  init_small.o [4]
  .near_func.text  ro code  0x008ec0   0x1b  stm8s_gpio.o [1]
  .near_func.text  ro code  0x008edb   0x19  stm8s_tim4.o [1]
  .near_func.text  ro code  0x008ef4   0x17  init.o [4]
  .near_func.text  ro code  0x008f0b   0x15  stm8s_adc2.o [1]
  .near_func.text  ro code  0x008f20   0x14  __dbg_xxexit.o [3]
  .near_func.text  ro code  0x008f34   0x13  cstartup.o [4]
  .near_func.text  ro code  0x008f47   0x12  main.o [1]
  .near_func.text  ro code  0x008f59    0xf  short.o [4]
  .near_func.text  ro code  0x008f68    0x6  stm8s_adc2.o [1]
  .near_func.text  ro code  0x008f6e    0x5  stm8s_adc2.o [1]
  .near_func.text  ro code  0x008f73    0x5  cexit.o [4]
  .near_func.text  ro code  0x008f78    0x4  stm8s_clk.o [1]
  .near_func.text  ro code  0x008f7c    0x3  interrupt.o [4]
  .near_func.text  ro code  0x008f7f    0x3  low_level_init.o [4]
  .near_func.text  ro code  0x008f82    0x3  exit.o [4]
  .near_func.text  ro code  0x008f85    0x3  unhandled_exception.o [4]
  .near_func.text  ro code  0x008f88    0x2  main.o [1]
  .near_func.text  ro code  0x008f8a    0x1  stm8s_it.o [1]
  .near_func.text  ro code  0x008f8b    0x1  stm8s_it.o [1]
  .near_func.text  ro code  0x008f8c    0x1  stm8s_it.o [1]
  .near_func.text  ro code  0x008f8d    0x1  stm8s_it.o [1]
  .near_func.text  ro code  0x008f8e    0x1  stm8s_it.o [1]
  .near_func.text  ro code  0x008f8f    0x1  stm8s_it.o [1]
  .near_func.text  ro code  0x008f90    0x1  stm8s_it.o [1]
  .near_func.text  ro code  0x008f91    0x1  stm8s_it.o [1]
  .near_func.text  ro code  0x008f92    0x1  stm8s_it.o [1]
  .near_func.text  ro code  0x008f93    0x1  stm8s_it.o [1]
  .near_func.text  ro code  0x008f94    0x1  stm8s_it.o [1]
  .near_func.text  ro code  0x008f95    0x1  stm8s_it.o [1]
  .near_func.text  ro code  0x008f96    0x1  stm8s_it.o [1]
  .near_func.text  ro code  0x008f97    0x1  stm8s_it.o [1]
  .near_func.text  ro code  0x008f98    0x1  stm8s_it.o [1]
  .near_func.text  ro code  0x008f99    0x1  stm8s_it.o [1]
  .near_func.text  ro code  0x008f9a    0x1  stm8s_it.o [1]
  .near_func.text  ro code  0x008f9b    0x1  stm8s_it.o [1]
  .near_func.text  ro code  0x008f9c    0x1  stm8s_it.o [1]
  .near_func.text  ro code  0x008f9d    0x1  stm8s_it.o [1]
  .near_func.text  ro code  0x008f9e    0x1  stm8s_it.o [1]
  .near_func.text  ro code  0x008f9f    0x1  stm8s_it.o [1]
  .near_func.text  ro code  0x008fa0    0x1  stm8s_it.o [1]
  .near_func.text  ro code  0x008fa1    0x1  stm8s_it.o [1]
  .near_func.text  ro code  0x008fa2    0x1  stm8s_it.o [1]
  .near_func.text  ro code  0x008fa3    0x1  stm8s_it.o [1]
  .near_func.text  ro code  0x008fa4    0x1  __dbg_break.o [3]
                          - 0x008fa5  0xf25


*******************************************************************************
*** INIT TABLE
***

          Address   Size
          -------   ----
Zero (__iar_zero_init2)
    1 destination range, total size 0x2:
          0x000010   0x2



*******************************************************************************
*** MODULE SUMMARY
***

    Module                 ro code  ro data  rw data
    ------                 -------  -------  -------
E:\STM8S\Project_IAR\STM8S_Lesson6_STD_ADC\ADC_Exercise1\ProjectFile\Debug\Obj: [1]
    m_stm8s208_clk.o            49
    m_stm8s208_tim4.o           83
    main.o                     104                 2
    stm8s_adc2.o             1 355       84
    stm8s_clk.o                985       83
    stm8s_gpio.o               303       84
    stm8s_it.o                  26
    stm8s_tim4.o               366       84
    ------------------------------------------------
    Total:                   3 271      335        2

command line: [2]
    ------------------------------------------------
    Total:

dbgstm8smd.a: [3]
    __dbg_break.o                1
    __dbg_xxexit.o              20
    ------------------------------------------------
    Total:                      21

dlstm8smn.a: [4]
    cexit.o                      5
    cstartup.o                  19
    exit.o                       3
    init.o                      23
    init_small.o                30
    interrupt.o                  3      128
    low_level_init.o             3
    short.o                     15
    unhandled_exception.o        3
    vreg_util.o                138
    vregs.o                                       16
    ------------------------------------------------
    Total:                     242      128       16

    Linker created                        8      256
----------------------------------------------------
    Grand Total:             3 534      471      274


*******************************************************************************
*** ENTRY LIST
***

Entry                    Address   Size  Type      Object
-----                    -------   ----  ----      ------
.iar.init_table$$Base   0x008e9a          --   Gb  - Linker created -
.iar.init_table$$Limit  0x008ea2          --   Gb  - Linker created -
?b0                     0x000000         Data  Gb  vregs.o [4]
?b1                     0x000001         Data  Gb  vregs.o [4]
?b10                    0x00000a         Data  Gb  vregs.o [4]
?b11                    0x00000b         Data  Gb  vregs.o [4]
?b12                    0x00000c         Data  Gb  vregs.o [4]
?b13                    0x00000d         Data  Gb  vregs.o [4]
?b14                    0x00000e         Data  Gb  vregs.o [4]
?b15                    0x00000f         Data  Gb  vregs.o [4]
?b2                     0x000002         Data  Gb  vregs.o [4]
?b3                     0x000003         Data  Gb  vregs.o [4]
?b4                     0x000004         Data  Gb  vregs.o [4]
?b5                     0x000005         Data  Gb  vregs.o [4]
?b6                     0x000006         Data  Gb  vregs.o [4]
?b7                     0x000007         Data  Gb  vregs.o [4]
?b8                     0x000008         Data  Gb  vregs.o [4]
?b9                     0x000009         Data  Gb  vregs.o [4]
?e0                     0x000001         Data  Gb  vregs.o [4]
?e1                     0x000005         Data  Gb  vregs.o [4]
?e2                     0x000009         Data  Gb  vregs.o [4]
?e3                     0x00000d         Data  Gb  vregs.o [4]
?epilogue_l2            0x00891c         Code  Gb  vreg_util.o [4]
?epilogue_l2_l3         0x008919         Code  Gb  vreg_util.o [4]
?epilogue_l2_w6         0x008920         Code  Gb  vreg_util.o [4]
?epilogue_w4            0x008927         Code  Gb  vreg_util.o [4]
?l0                     0x000000         Data  Gb  vregs.o [4]
?l1                     0x000004         Data  Gb  vregs.o [4]
?l2                     0x000008         Data  Gb  vregs.o [4]
?l3                     0x00000c         Data  Gb  vregs.o [4]
?pop_l2                 0x0088fb         Code  Gb  vreg_util.o [4]
?pop_l3                 0x008906         Code  Gb  vreg_util.o [4]
?pop_w4                 0x0088be         Code  Gb  vreg_util.o [4]
?pop_w6                 0x0088c5         Code  Gb  vreg_util.o [4]
?push_l2                0x0088d4         Code  Gb  vreg_util.o [4]
?push_l3                0x0088d9         Code  Gb  vreg_util.o [4]
?push_w4                0x0088a1         Code  Gb  vreg_util.o [4]
?push_w6                0x0088a6         Code  Gb  vreg_util.o [4]
?sll16_x_x_4            0x008f63         Code  Gb  short.o [4]
?sll16_x_x_5            0x008f62         Code  Gb  short.o [4]
?sll16_x_x_6            0x008f61         Code  Gb  short.o [4]
?sll16_x_x_a            0x008f59         Code  Gb  short.o [4]
?w0                     0x000000         Data  Gb  vregs.o [4]
?w1                     0x000002         Data  Gb  vregs.o [4]
?w2                     0x000004         Data  Gb  vregs.o [4]
?w3                     0x000006         Data  Gb  vregs.o [4]
?w4                     0x000008         Data  Gb  vregs.o [4]
?w5                     0x00000a         Data  Gb  vregs.o [4]
?w6                     0x00000c         Data  Gb  vregs.o [4]
?w7                     0x00000e         Data  Gb  vregs.o [4]
ADC2_Cmd                0x008ce5   0x2f  Code  Gb  stm8s_adc2.o [1]
ADC2_ConversionConfig   0x008693   0xdc  Code  Gb  stm8s_adc2.o [1]
ADC2_DeInit             0x008f0b   0x15  Code  Gb  stm8s_adc2.o [1]
ADC2_ExternalTriggerConfig
                        0x00892b   0x59  Code  Gb  stm8s_adc2.o [1]
ADC2_GetConversionValue
                        0x008b28   0x53  Code  Gb  stm8s_adc2.o [1]
ADC2_GetFlagStatus      0x008f68    0x6  Code  Gb  stm8s_adc2.o [1]
ADC2_IRQHandler         0x008fa1    0x1  Code  Gb  stm8s_it.o [1]
ADC2_ITConfig           0x008d14   0x2f  Code  Gb  stm8s_adc2.o [1]
ADC2_Init               0x008080  0x1d6  Code  Gb  stm8s_adc2.o [1]
ADC2_PrescalerConfig    0x008984   0x55  Code  Gb  stm8s_adc2.o [1]
ADC2_SchmittTriggerConfig
                        0x008387  0x11a  Code  Gb  stm8s_adc2.o [1]
ADC2_StartConversion    0x008f6e    0x5  Code  Gb  stm8s_adc2.o [1]
ADC2_config             0x008e52   0x24  Code  Gb  main.o [1]
AWU_IRQHandler          0x008f8c    0x1  Code  Gb  stm8s_it.o [1]
CAN_RX_IRQHandler       0x008f93    0x1  Code  Gb  stm8s_it.o [1]
CAN_TX_IRQHandler       0x008f94    0x1  Code  Gb  stm8s_it.o [1]
CLK_CONFIG_24MHZ_HSE    0x008c84   0x31  Code  Gb  m_stm8s208_clk.o [1]
CLK_ClockSwitchCmd      0x008d72   0x2f  Code  Gb  stm8s_clk.o [1]
CLK_ClockSwitchConfig   0x008256  0x131  Code  Gb  stm8s_clk.o [1]
CLK_DeInit              0x008c1c   0x36  Code  Gb  stm8s_clk.o [1]
CLK_GetFlagStatus       0x00876f   0xa7  Code  Gb  stm8s_clk.o [1]
CLK_GetSYSCLKSource     0x008f78    0x4  Code  Gb  stm8s_clk.o [1]
CLK_HSECmd              0x008d43   0x2f  Code  Gb  stm8s_clk.o [1]
CLK_IRQHandler          0x008f8d    0x1  Code  Gb  stm8s_it.o [1]
CLK_PeripheralClockConfig
                        0x0085b5   0xde  Code  Gb  stm8s_clk.o [1]
CLK_SYSCLKConfig        0x008816   0x8b  Code  Gb  stm8s_clk.o [1]
CSTACK$$Base            0x001700          --   Gb  - Linker created -
CSTACK$$Limit           0x001800          --   Gb  - Linker created -
EEPROM_EEC_IRQHandler   0x008fa3    0x1  Code  Gb  stm8s_it.o [1]
EXTI_PORTA_IRQHandler   0x008f8e    0x1  Code  Gb  stm8s_it.o [1]
EXTI_PORTB_IRQHandler   0x008f8f    0x1  Code  Gb  stm8s_it.o [1]
EXTI_PORTC_IRQHandler   0x008f90    0x1  Code  Gb  stm8s_it.o [1]
EXTI_PORTD_IRQHandler   0x008f91    0x1  Code  Gb  stm8s_it.o [1]
EXTI_PORTE_IRQHandler   0x008f92    0x1  Code  Gb  stm8s_it.o [1]
GPIO_DeInit             0x008ec0   0x1b  Code  Gb  stm8s_gpio.o [1]
GPIO_Init               0x0084a1  0x114  Code  Gb  stm8s_gpio.o [1]
GPIO_config             0x008f47   0x12  Code  Gb  main.o [1]
I2C_IRQHandler          0x008f9e    0x1  Code  Gb  stm8s_it.o [1]
INTVEC$$Base            0x008000          --   Gb  - Linker created -
INTVEC$$Limit           0x008080          --   Gb  - Linker created -
Region$$Table$$Base     0x008e9a          --   Gb  - Linker created -
Region$$Table$$Limit    0x008ea2          --   Gb  - Linker created -
SPI_IRQHandler          0x008f95    0x1  Code  Gb  stm8s_it.o [1]
TIM1_CAP_COM_IRQHandler
                        0x008f97    0x1  Code  Gb  stm8s_it.o [1]
TIM1_UPD_OVF_TRG_BRK_IRQHandler
                        0x008f96    0x1  Code  Gb  stm8s_it.o [1]
TIM2_CAP_COM_IRQHandler
                        0x008f99    0x1  Code  Gb  stm8s_it.o [1]
TIM2_UPD_OVF_BRK_IRQHandler
                        0x008f98    0x1  Code  Gb  stm8s_it.o [1]
TIM3_CAP_COM_IRQHandler
                        0x008f9b    0x1  Code  Gb  stm8s_it.o [1]
TIM3_UPD_OVF_BRK_IRQHandler
                        0x008f9a    0x1  Code  Gb  stm8s_it.o [1]
TIM4_ARRPreloadConfig   0x008dd0   0x2f  Code  Gb  stm8s_tim4.o [1]
TIM4_ClearFlag          0x008e76   0x24  Code  Gb  stm8s_tim4.o [1]
TIM4_Cmd                0x008da1   0x2f  Code  Gb  stm8s_tim4.o [1]
TIM4_DeInit             0x008edb   0x19  Code  Gb  stm8s_tim4.o [1]
TIM4_GetFlagStatus      0x008c52   0x32  Code  Gb  stm8s_tim4.o [1]
TIM4_ITConfig           0x008bcc   0x50  Code  Gb  stm8s_tim4.o [1]
TIM4_TimeBaseInit       0x008b7b   0x51  Code  Gb  stm8s_tim4.o [1]
TIM4_UPD_OVF_IRQHandler
                        0x008fa2    0x1  Code  Gb  stm8s_it.o [1]
TIM4_config             0x008dff   0x2d  Code  Gb  m_stm8s208_tim4.o [1]
TLI_IRQHandler          0x008f8b    0x1  Code  Gb  stm8s_it.o [1]
TRAP_IRQHandler         0x008f8a    0x1  Code  Gb  stm8s_it.o [1]
UART1_RX_IRQHandler     0x008f9d    0x1  Code  Gb  stm8s_it.o [1]
UART1_TX_IRQHandler     0x008f9c    0x1  Code  Gb  stm8s_it.o [1]
UART3_RX_IRQHandler     0x008fa0    0x1  Code  Gb  stm8s_it.o [1]
UART3_TX_IRQHandler     0x008f9f    0x1  Code  Gb  stm8s_it.o [1]
__DebugBreak            0x008fa4    0x1  Code  Gb  __dbg_break.o [3]
__exit                  0x008f20   0x14  Code  Gb  __dbg_xxexit.o [3]
__iar_data_init2        0x008ef4   0x17  Code  Gb  init.o [4]
__iar_program_start     0x008f34         Code  Gb  cstartup.o [4]
__iar_unhandled_exception
                        0x008f85         Code  Gb  unhandled_exception.o [4]
__iar_zero_init2        0x008ea2         Code  Gb  init_small.o [4]
__intvec                0x008000         Data  Gb  interrupt.o [4]
__low_level_init        0x008f7f    0x3  Code  Gb  low_level_init.o [4]
_exit                   0x008f73         Code  Gb  cexit.o [4]
_interrupt_1            0x008f8a         Code  Gb  stm8s_it.o [1]
_interrupt_10           0x008f93         Code  Gb  stm8s_it.o [1]
_interrupt_11           0x008f94         Code  Gb  stm8s_it.o [1]
_interrupt_12           0x008f95         Code  Gb  stm8s_it.o [1]
_interrupt_13           0x008f96         Code  Gb  stm8s_it.o [1]
_interrupt_14           0x008f97         Code  Gb  stm8s_it.o [1]
_interrupt_15           0x008f98         Code  Gb  stm8s_it.o [1]
_interrupt_16           0x008f99         Code  Gb  stm8s_it.o [1]
_interrupt_17           0x008f9a         Code  Gb  stm8s_it.o [1]
_interrupt_18           0x008f9b         Code  Gb  stm8s_it.o [1]
_interrupt_19           0x008f9c         Code  Gb  stm8s_it.o [1]
_interrupt_2            0x008f8b         Code  Gb  stm8s_it.o [1]
_interrupt_20           0x008f9d         Code  Gb  stm8s_it.o [1]
_interrupt_21           0x008f9e         Code  Gb  stm8s_it.o [1]
_interrupt_22           0x008f9f         Code  Gb  stm8s_it.o [1]
_interrupt_23           0x008fa0         Code  Gb  stm8s_it.o [1]
_interrupt_24           0x008fa1         Code  Gb  stm8s_it.o [1]
_interrupt_25           0x008fa2         Code  Gb  stm8s_it.o [1]
_interrupt_26           0x008fa3         Code  Gb  stm8s_it.o [1]
_interrupt_3            0x008f8c         Code  Gb  stm8s_it.o [1]
_interrupt_4            0x008f8d         Code  Gb  stm8s_it.o [1]
_interrupt_5            0x008f8e         Code  Gb  stm8s_it.o [1]
_interrupt_6            0x008f8f         Code  Gb  stm8s_it.o [1]
_interrupt_7            0x008f90         Code  Gb  stm8s_it.o [1]
_interrupt_8            0x008f91         Code  Gb  stm8s_it.o [1]
_interrupt_9            0x008f92         Code  Gb  stm8s_it.o [1]
adc_value               0x000010    0x2  Data  Gb  main.o [1]
assert_failed           0x008f88    0x2  Code  Gb  main.o [1]
delay_ms_TIM4           0x008e2c   0x26  Code  Gb  m_stm8s208_tim4.o [1]
exit                    0x008f82    0x3  Code  Gb  exit.o [4]
main                    0x008cb5   0x30  Code  Gb  main.o [1]


[1] = E:\STM8S\Project_IAR\STM8S_Lesson6_STD_ADC\ADC_Exercise1\ProjectFile\Debug\Obj
[2] = command line
[3] = dbgstm8smd.a
[4] = dlstm8smn.a

  3 534 bytes of readonly  code memory
    471 bytes of readonly  data memory
    274 bytes of readwrite data memory

Errors: none
Warnings: none
