###############################################################################
#
# IAR ELF Linker V2.20.1.176 for STM8                     09/Mar/2023  13:28:59
# Copyright 2010-2015 IAR Systems AB.
#
#    Output file  =  
#        E:\STM8S\Project_IAR\STM8S_Lesson2_STD_CLOCK\CLOCK_Exercise\ProjectFile\Debug\Exe\CLOCK_Exercise1.out
#    Map file     =  
#        E:\STM8S\Project_IAR\STM8S_Lesson2_STD_CLOCK\CLOCK_Exercise\ProjectFile\Debug\List\CLOCK_Exercise1.map
#    Command line =  
#        E:\STM8S\Project_IAR\STM8S_Lesson2_STD_CLOCK\CLOCK_Exercise\ProjectFile\Debug\Obj\m_stm8s208_clk.o
#        E:\STM8S\Project_IAR\STM8S_Lesson2_STD_CLOCK\CLOCK_Exercise\ProjectFile\Debug\Obj\main.o
#        E:\STM8S\Project_IAR\STM8S_Lesson2_STD_CLOCK\CLOCK_Exercise\ProjectFile\Debug\Obj\stm8s_clk.o
#        E:\STM8S\Project_IAR\STM8S_Lesson2_STD_CLOCK\CLOCK_Exercise\ProjectFile\Debug\Obj\stm8s_gpio.o
#        E:\STM8S\Project_IAR\STM8S_Lesson2_STD_CLOCK\CLOCK_Exercise\ProjectFile\Debug\Obj\stm8s_it.o
#        --redirect _Printf=_PrintfSmall --redirect _Scanf=_ScanfSmall -o
#        E:\STM8S\Project_IAR\STM8S_Lesson2_STD_CLOCK\CLOCK_Exercise\ProjectFile\Debug\Exe\CLOCK_Exercise1.out
#        --map
#        E:\STM8S\Project_IAR\STM8S_Lesson2_STD_CLOCK\CLOCK_Exercise\ProjectFile\Debug\List\CLOCK_Exercise1.map
#        --config "C:\Program Files (x86)\IAR Systems\Embedded Workbench
#        7.3\stm8\config\lnkstm8s208c8.icf" --config_def _CSTACK_SIZE=0x100
#        --config_def _HEAP_SIZE=0x100 --entry __iar_program_start --debug_lib
#
###############################################################################

*******************************************************************************
*** RUNTIME MODEL ATTRIBUTES
***

__SystemLibrary            = DLib
__code_model               = small
__core                     = stm8
__data_model               = medium
__dlib_file_descriptor     = 0
__dlib_full_locale_support = 0
__rt_version               = 4


*******************************************************************************
*** PLACEMENT SUMMARY
***

"A1":  place at start of [0x000000-0x0000ff] { rw section .vregs };
"A2":  place at end of [0x000000-0x0017ff] { block CSTACK };
"P2":  place in [from 0x000000 to 0x0017ff] {
          block HEAP, rw section __DLIB_PERTHREAD, rw section .far.bss,
          rw section .far.data, rw section .far.noinit,
          rw section .far_func.textrw, rw section .huge.bss,
          rw section .huge.data, rw section .huge.noinit,
          rw section .huge_func.textrw, rw section .iar.dynexit,
          rw section .near.bss, rw section .near.data, rw section .near.noinit,
          rw section .near_func.textrw };
"A3":  place at start of [0x008000-0x00ffff] { block INTVEC };
"P3":  place in [from 0x008000 to 0x00ffff] {
          ro section __DLIB_PERTHREAD_init, ro section .far.data_init,
          ro section .far_func.textrw_init, ro section .huge.data_init,
          ro section .huge_func.textrw_init, ro section .iar.init_table,
          ro section .init_array, ro section .near.data_init,
          ro section .near.rodata, ro section .near_func.text,
          ro section .near_func.textrw_init, ro section .tiny.data_init,
          ro section .tiny.rodata_init };

  Section          Kind      Address   Size  Object
  -------          ----      -------   ----  ------
"A1":                                  0x10
  .vregs           uninit   0x000000   0x10  vregs.o [4]
                          - 0x000010   0x10

"P2":                                   0x4
  .near.bss        zero     0x000010    0x4  main.o [1]
                          - 0x000014    0x4

"A2":                                 0x100
  CSTACK                    0x001700  0x100  <Block>
    CSTACK         uninit   0x001700  0x100  <Block tail>
                          - 0x001800  0x100

"A3":                                  0x80
  INTVEC                    0x008000   0x80  <Block>
    .intvec        const    0x008000   0x80  interrupt.o [4]
                          - 0x008080   0x80

"P3":                                 0x459
  .near_func.text  ro code  0x008080  0x131  stm8s_clk.o [1]
  .near_func.text  ro code  0x0081b1   0x8b  stm8s_clk.o [1]
  .near_func.text  ro code  0x00823c   0x72  long.o [4]
  .near_func.text  ro code  0x0082ae   0x68  vreg_util.o [4]
  .near_func.text  ro code  0x008316   0x57  stm8s_clk.o [1]
  .near.rodata     const    0x00836d   0x56  stm8s_clk.o [1]
  .near_func.text  ro code  0x0083c3   0x36  stm8s_clk.o [1]
  .iar.init_table  const    0x0083f9    0x8  - Linker created -
  .near_func.text  ro code  0x008401   0x1e  init_small.o [4]
  .near_func.text  ro code  0x00841f   0x1a  long_util.o [4]
  .near_func.text  ro code  0x008439   0x17  init.o [4]
  .near_func.text  ro code  0x008450   0x15  m_stm8s208_clk.o [1]
  .near_func.text  ro code  0x008465   0x14  __dbg_xxexit.o [3]
  .near_func.text  ro code  0x008479   0x13  cstartup.o [4]
  .near_func.text  ro code  0x00848c    0xe  main.o [1]
  .near_func.text  ro code  0x00849a    0xd  dc_util.o [4]
  .near_func.text  ro code  0x0084a7    0x5  cexit.o [4]
  .near.rodata     const    0x0084ac    0x4  stm8s_clk.o [1]
  .near_func.text  ro code  0x0084b0    0x3  interrupt.o [4]
  .near_func.text  ro code  0x0084b3    0x3  low_level_init.o [4]
  .near_func.text  ro code  0x0084b6    0x3  exit.o [4]
  .near_func.text  ro code  0x0084b9    0x3  unhandled_exception.o [4]
  .near_func.text  ro code  0x0084bc    0x2  main.o [1]
  .near_func.text  ro code  0x0084be    0x1  stm8s_it.o [1]
  .near_func.text  ro code  0x0084bf    0x1  stm8s_it.o [1]
  .near_func.text  ro code  0x0084c0    0x1  stm8s_it.o [1]
  .near_func.text  ro code  0x0084c1    0x1  stm8s_it.o [1]
  .near_func.text  ro code  0x0084c2    0x1  stm8s_it.o [1]
  .near_func.text  ro code  0x0084c3    0x1  stm8s_it.o [1]
  .near_func.text  ro code  0x0084c4    0x1  stm8s_it.o [1]
  .near_func.text  ro code  0x0084c5    0x1  stm8s_it.o [1]
  .near_func.text  ro code  0x0084c6    0x1  stm8s_it.o [1]
  .near_func.text  ro code  0x0084c7    0x1  stm8s_it.o [1]
  .near_func.text  ro code  0x0084c8    0x1  stm8s_it.o [1]
  .near_func.text  ro code  0x0084c9    0x1  stm8s_it.o [1]
  .near_func.text  ro code  0x0084ca    0x1  stm8s_it.o [1]
  .near_func.text  ro code  0x0084cb    0x1  stm8s_it.o [1]
  .near_func.text  ro code  0x0084cc    0x1  stm8s_it.o [1]
  .near_func.text  ro code  0x0084cd    0x1  stm8s_it.o [1]
  .near_func.text  ro code  0x0084ce    0x1  stm8s_it.o [1]
  .near_func.text  ro code  0x0084cf    0x1  stm8s_it.o [1]
  .near_func.text  ro code  0x0084d0    0x1  stm8s_it.o [1]
  .near_func.text  ro code  0x0084d1    0x1  stm8s_it.o [1]
  .near_func.text  ro code  0x0084d2    0x1  stm8s_it.o [1]
  .near_func.text  ro code  0x0084d3    0x1  stm8s_it.o [1]
  .near_func.text  ro code  0x0084d4    0x1  stm8s_it.o [1]
  .near_func.text  ro code  0x0084d5    0x1  stm8s_it.o [1]
  .near_func.text  ro code  0x0084d6    0x1  stm8s_it.o [1]
  .near_func.text  ro code  0x0084d7    0x1  stm8s_it.o [1]
  .near_func.text  ro code  0x0084d8    0x1  __dbg_break.o [3]
                          - 0x0084d9  0x459


*******************************************************************************
*** INIT TABLE
***

          Address   Size
          -------   ----
Zero (__iar_zero_init2)
    1 destination range, total size 0x4:
          0x000010   0x4



*******************************************************************************
*** MODULE SUMMARY
***

    Module                 ro code  ro data  rw data
    ------                 -------  -------  -------
E:\STM8S\Project_IAR\STM8S_Lesson2_STD_CLOCK\CLOCK_Exercise\ProjectFile\Debug\Obj: [1]
    m_stm8s208_clk.o            21
    main.o                      16                 4
    stm8s_clk.o                585       90
    stm8s_it.o                  26
    ------------------------------------------------
    Total:                     648       90        4

command line: [2]
    ------------------------------------------------
    Total:

dbgstm8smd.a: [3]
    __dbg_break.o                1
    __dbg_xxexit.o              20
    ------------------------------------------------
    Total:                      21

dlstm8smn.a: [4]
    cexit.o                      5
    cstartup.o                  19
    dc_util.o                   13
    exit.o                       3
    init.o                      23
    init_small.o                30
    interrupt.o                  3      128
    long.o                     114
    long_util.o                 26
    low_level_init.o             3
    unhandled_exception.o        3
    vreg_util.o                104
    vregs.o                                       16
    ------------------------------------------------
    Total:                     346      128       16

    Linker created                        8      256
----------------------------------------------------
    Grand Total:             1 015      226      276


*******************************************************************************
*** ENTRY LIST
***

Entry                    Address   Size  Type      Object
-----                    -------   ----  ----      ------
.iar.init_table$$Base   0x0083f9          --   Gb  - Linker created -
.iar.init_table$$Limit  0x008401          --   Gb  - Linker created -
?b0                     0x000000         Data  Gb  vregs.o [4]
?b1                     0x000001         Data  Gb  vregs.o [4]
?b10                    0x00000a         Data  Gb  vregs.o [4]
?b11                    0x00000b         Data  Gb  vregs.o [4]
?b12                    0x00000c         Data  Gb  vregs.o [4]
?b13                    0x00000d         Data  Gb  vregs.o [4]
?b14                    0x00000e         Data  Gb  vregs.o [4]
?b15                    0x00000f         Data  Gb  vregs.o [4]
?b2                     0x000002         Data  Gb  vregs.o [4]
?b3                     0x000003         Data  Gb  vregs.o [4]
?b4                     0x000004         Data  Gb  vregs.o [4]
?b5                     0x000005         Data  Gb  vregs.o [4]
?b6                     0x000006         Data  Gb  vregs.o [4]
?b7                     0x000007         Data  Gb  vregs.o [4]
?b8                     0x000008         Data  Gb  vregs.o [4]
?b9                     0x000009         Data  Gb  vregs.o [4]
?dc32_l0                0x00849a         Code  Gb  dc_util.o [4]
?e0                     0x000001         Data  Gb  vregs.o [4]
?e1                     0x000005         Data  Gb  vregs.o [4]
?e2                     0x000009         Data  Gb  vregs.o [4]
?e3                     0x00000d         Data  Gb  vregs.o [4]
?epilogue_l2_w6         0x00830f         Code  Gb  vreg_util.o [4]
?l0                     0x000000         Data  Gb  vregs.o [4]
?l1                     0x000004         Data  Gb  vregs.o [4]
?l2                     0x000008         Data  Gb  vregs.o [4]
?l3                     0x00000c         Data  Gb  vregs.o [4]
?load32_0x_l0           0x00842b         Code  Gb  long_util.o [4]
?load32_l0_0x           0x00841f         Code  Gb  long_util.o [4]
?pop_l2                 0x0082fc         Code  Gb  vreg_util.o [4]
?pop_w6                 0x0082cb         Code  Gb  vreg_util.o [4]
?push_l2                0x0082da         Code  Gb  vreg_util.o [4]
?push_w4                0x0082ae         Code  Gb  vreg_util.o [4]
?push_w6                0x0082b3         Code  Gb  vreg_util.o [4]
?udiv32_l0_dl_l1        0x00823c         Code  Gb  long.o [4]
?udiv32_l0_l0_l1        0x008241         Code  Gb  long.o [4]
?umod32_l1_l0_l1        0x008241         Code  Gb  long.o [4]
?w0                     0x000000         Data  Gb  vregs.o [4]
?w1                     0x000002         Data  Gb  vregs.o [4]
?w2                     0x000004         Data  Gb  vregs.o [4]
?w3                     0x000006         Data  Gb  vregs.o [4]
?w4                     0x000008         Data  Gb  vregs.o [4]
?w5                     0x00000a         Data  Gb  vregs.o [4]
?w6                     0x00000c         Data  Gb  vregs.o [4]
?w7                     0x00000e         Data  Gb  vregs.o [4]
ADC2_IRQHandler         0x0084d5    0x1  Code  Gb  stm8s_it.o [1]
AWU_IRQHandler          0x0084c0    0x1  Code  Gb  stm8s_it.o [1]
CAN_RX_IRQHandler       0x0084c7    0x1  Code  Gb  stm8s_it.o [1]
CAN_TX_IRQHandler       0x0084c8    0x1  Code  Gb  stm8s_it.o [1]
CLK_CONFIG_24MHZ_HSE    0x008450   0x15  Code  Gb  m_stm8s208_clk.o [1]
CLK_ClockSwitchConfig   0x008080  0x131  Code  Gb  stm8s_clk.o [1]
CLK_DeInit              0x0083c3   0x36  Code  Gb  stm8s_clk.o [1]
CLK_GetClockFreq        0x008316   0x57  Code  Gb  stm8s_clk.o [1]
CLK_IRQHandler          0x0084c1    0x1  Code  Gb  stm8s_it.o [1]
CLK_SYSCLKConfig        0x0081b1   0x8b  Code  Gb  stm8s_clk.o [1]
CSTACK$$Base            0x001700          --   Gb  - Linker created -
CSTACK$$Limit           0x001800          --   Gb  - Linker created -
EEPROM_EEC_IRQHandler   0x0084d7    0x1  Code  Gb  stm8s_it.o [1]
EXTI_PORTA_IRQHandler   0x0084c2    0x1  Code  Gb  stm8s_it.o [1]
EXTI_PORTB_IRQHandler   0x0084c3    0x1  Code  Gb  stm8s_it.o [1]
EXTI_PORTC_IRQHandler   0x0084c4    0x1  Code  Gb  stm8s_it.o [1]
EXTI_PORTD_IRQHandler   0x0084c5    0x1  Code  Gb  stm8s_it.o [1]
EXTI_PORTE_IRQHandler   0x0084c6    0x1  Code  Gb  stm8s_it.o [1]
HSIDivFactor            0x0084ac    0x4  Data  Gb  stm8s_clk.o [1]
I2C_IRQHandler          0x0084d2    0x1  Code  Gb  stm8s_it.o [1]
INTVEC$$Base            0x008000          --   Gb  - Linker created -
INTVEC$$Limit           0x008080          --   Gb  - Linker created -
Region$$Table$$Base     0x0083f9          --   Gb  - Linker created -
Region$$Table$$Limit    0x008401          --   Gb  - Linker created -
SPI_IRQHandler          0x0084c9    0x1  Code  Gb  stm8s_it.o [1]
TIM1_CAP_COM_IRQHandler
                        0x0084cb    0x1  Code  Gb  stm8s_it.o [1]
TIM1_UPD_OVF_TRG_BRK_IRQHandler
                        0x0084ca    0x1  Code  Gb  stm8s_it.o [1]
TIM2_CAP_COM_IRQHandler
                        0x0084cd    0x1  Code  Gb  stm8s_it.o [1]
TIM2_UPD_OVF_BRK_IRQHandler
                        0x0084cc    0x1  Code  Gb  stm8s_it.o [1]
TIM3_CAP_COM_IRQHandler
                        0x0084cf    0x1  Code  Gb  stm8s_it.o [1]
TIM3_UPD_OVF_BRK_IRQHandler
                        0x0084ce    0x1  Code  Gb  stm8s_it.o [1]
TIM4_UPD_OVF_IRQHandler
                        0x0084d6    0x1  Code  Gb  stm8s_it.o [1]
TLI_IRQHandler          0x0084bf    0x1  Code  Gb  stm8s_it.o [1]
TRAP_IRQHandler         0x0084be    0x1  Code  Gb  stm8s_it.o [1]
UART1_RX_IRQHandler     0x0084d1    0x1  Code  Gb  stm8s_it.o [1]
UART1_TX_IRQHandler     0x0084d0    0x1  Code  Gb  stm8s_it.o [1]
UART3_RX_IRQHandler     0x0084d4    0x1  Code  Gb  stm8s_it.o [1]
UART3_TX_IRQHandler     0x0084d3    0x1  Code  Gb  stm8s_it.o [1]
__DebugBreak            0x0084d8    0x1  Code  Gb  __dbg_break.o [3]
__exit                  0x008465   0x14  Code  Gb  __dbg_xxexit.o [3]
__iar_data_init2        0x008439   0x17  Code  Gb  init.o [4]
__iar_program_start     0x008479         Code  Gb  cstartup.o [4]
__iar_unhandled_exception
                        0x0084b9         Code  Gb  unhandled_exception.o [4]
__iar_zero_init2        0x008401         Code  Gb  init_small.o [4]
__intvec                0x008000         Data  Gb  interrupt.o [4]
__low_level_init        0x0084b3    0x3  Code  Gb  low_level_init.o [4]
_exit                   0x0084a7         Code  Gb  cexit.o [4]
_interrupt_1            0x0084be         Code  Gb  stm8s_it.o [1]
_interrupt_10           0x0084c7         Code  Gb  stm8s_it.o [1]
_interrupt_11           0x0084c8         Code  Gb  stm8s_it.o [1]
_interrupt_12           0x0084c9         Code  Gb  stm8s_it.o [1]
_interrupt_13           0x0084ca         Code  Gb  stm8s_it.o [1]
_interrupt_14           0x0084cb         Code  Gb  stm8s_it.o [1]
_interrupt_15           0x0084cc         Code  Gb  stm8s_it.o [1]
_interrupt_16           0x0084cd         Code  Gb  stm8s_it.o [1]
_interrupt_17           0x0084ce         Code  Gb  stm8s_it.o [1]
_interrupt_18           0x0084cf         Code  Gb  stm8s_it.o [1]
_interrupt_19           0x0084d0         Code  Gb  stm8s_it.o [1]
_interrupt_2            0x0084bf         Code  Gb  stm8s_it.o [1]
_interrupt_20           0x0084d1         Code  Gb  stm8s_it.o [1]
_interrupt_21           0x0084d2         Code  Gb  stm8s_it.o [1]
_interrupt_22           0x0084d3         Code  Gb  stm8s_it.o [1]
_interrupt_23           0x0084d4         Code  Gb  stm8s_it.o [1]
_interrupt_24           0x0084d5         Code  Gb  stm8s_it.o [1]
_interrupt_25           0x0084d6         Code  Gb  stm8s_it.o [1]
_interrupt_26           0x0084d7         Code  Gb  stm8s_it.o [1]
_interrupt_3            0x0084c0         Code  Gb  stm8s_it.o [1]
_interrupt_4            0x0084c1         Code  Gb  stm8s_it.o [1]
_interrupt_5            0x0084c2         Code  Gb  stm8s_it.o [1]
_interrupt_6            0x0084c3         Code  Gb  stm8s_it.o [1]
_interrupt_7            0x0084c4         Code  Gb  stm8s_it.o [1]
_interrupt_8            0x0084c5         Code  Gb  stm8s_it.o [1]
_interrupt_9            0x0084c6         Code  Gb  stm8s_it.o [1]
assert_failed           0x0084bc    0x2  Code  Gb  main.o [1]
clk                     0x000010    0x4  Data  Gb  main.o [1]
exit                    0x0084b6    0x3  Code  Gb  exit.o [4]
main                    0x00848c    0xe  Code  Gb  main.o [1]


[1] = E:\STM8S\Project_IAR\STM8S_Lesson2_STD_CLOCK\CLOCK_Exercise\ProjectFile\Debug\Obj
[2] = command line
[3] = dbgstm8smd.a
[4] = dlstm8smn.a

  1 015 bytes of readonly  code memory
    226 bytes of readonly  data memory
    276 bytes of readwrite data memory

Errors: none
Warnings: none
