###############################################################################
#
# IAR ELF Linker V2.20.1.176 for STM8                     16/Mar/2023  14:44:51
# Copyright 2010-2015 IAR Systems AB.
#
#    Output file  =  
#        E:\STM8S\Project_IAR\STM8S_Lesson5_STD_PWM\PWM_Exercise1\ProjectFile\Debug\Exe\PWM_Exercise1.out
#    Map file     =  
#        E:\STM8S\Project_IAR\STM8S_Lesson5_STD_PWM\PWM_Exercise1\ProjectFile\Debug\List\PWM_Exercise1.map
#    Command line =  
#        E:\STM8S\Project_IAR\STM8S_Lesson5_STD_PWM\PWM_Exercise1\ProjectFile\Debug\Obj\m_stm8s208_clk.o
#        E:\STM8S\Project_IAR\STM8S_Lesson5_STD_PWM\PWM_Exercise1\ProjectFile\Debug\Obj\m_stm8s208_tim1.o
#        E:\STM8S\Project_IAR\STM8S_Lesson5_STD_PWM\PWM_Exercise1\ProjectFile\Debug\Obj\m_stm8s208_tim2.o
#        E:\STM8S\Project_IAR\STM8S_Lesson5_STD_PWM\PWM_Exercise1\ProjectFile\Debug\Obj\m_stm8s208_tim4.o
#        E:\STM8S\Project_IAR\STM8S_Lesson5_STD_PWM\PWM_Exercise1\ProjectFile\Debug\Obj\main.o
#        E:\STM8S\Project_IAR\STM8S_Lesson5_STD_PWM\PWM_Exercise1\ProjectFile\Debug\Obj\stm8s_clk.o
#        E:\STM8S\Project_IAR\STM8S_Lesson5_STD_PWM\PWM_Exercise1\ProjectFile\Debug\Obj\stm8s_gpio.o
#        E:\STM8S\Project_IAR\STM8S_Lesson5_STD_PWM\PWM_Exercise1\ProjectFile\Debug\Obj\stm8s_it.o
#        E:\STM8S\Project_IAR\STM8S_Lesson5_STD_PWM\PWM_Exercise1\ProjectFile\Debug\Obj\stm8s_tim1.o
#        E:\STM8S\Project_IAR\STM8S_Lesson5_STD_PWM\PWM_Exercise1\ProjectFile\Debug\Obj\stm8s_tim2.o
#        E:\STM8S\Project_IAR\STM8S_Lesson5_STD_PWM\PWM_Exercise1\ProjectFile\Debug\Obj\stm8s_tim3.o
#        E:\STM8S\Project_IAR\STM8S_Lesson5_STD_PWM\PWM_Exercise1\ProjectFile\Debug\Obj\stm8s_tim4.o
#        --redirect _Printf=_PrintfSmall --redirect _Scanf=_ScanfSmall -o
#        E:\STM8S\Project_IAR\STM8S_Lesson5_STD_PWM\PWM_Exercise1\ProjectFile\Debug\Exe\PWM_Exercise1.out
#        --map
#        E:\STM8S\Project_IAR\STM8S_Lesson5_STD_PWM\PWM_Exercise1\ProjectFile\Debug\List\PWM_Exercise1.map
#        --config "C:\Program Files (x86)\IAR Systems\Embedded Workbench
#        7.3\stm8\config\lnkstm8s208c8.icf" --config_def _CSTACK_SIZE=0x100
#        --config_def _HEAP_SIZE=0x100 --entry __iar_program_start --debug_lib
#
###############################################################################

*******************************************************************************
*** RUNTIME MODEL ATTRIBUTES
***

__SystemLibrary            = DLib
__code_model               = small
__core                     = stm8
__data_model               = medium
__dlib_file_descriptor     = 0
__dlib_full_locale_support = 0
__rt_version               = 4


*******************************************************************************
*** PLACEMENT SUMMARY
***

"A1":  place at start of [0x000000-0x0000ff] { rw section .vregs };
"A2":  place at end of [0x000000-0x0017ff] { block CSTACK };
"A3":  place at start of [0x008000-0x00ffff] { block INTVEC };
"P3":  place in [from 0x008000 to 0x00ffff] {
          ro section __DLIB_PERTHREAD_init, ro section .far.data_init,
          ro section .far_func.textrw_init, ro section .huge.data_init,
          ro section .huge_func.textrw_init, ro section .iar.init_table,
          ro section .init_array, ro section .near.data_init,
          ro section .near.rodata, ro section .near_func.text,
          ro section .near_func.textrw_init, ro section .tiny.data_init,
          ro section .tiny.rodata_init };

  Section          Kind      Address   Size  Object
  -------          ----      -------   ----  ------
"A1":                                  0x10
  .vregs           uninit   0x000000   0x10  vregs.o [4]
                          - 0x000010   0x10

"A2":                                 0x100
  CSTACK                    0x001700  0x100  <Block>
    CSTACK         uninit   0x001700  0x100  <Block tail>
                          - 0x001800  0x100

"A3":                                  0x80
  INTVEC                    0x008000   0x80  <Block>
    .intvec        const    0x008000   0x80  interrupt.o [4]
                          - 0x008080   0x80

"P3":                                 0xaa6
  .near_func.text  ro code  0x008080  0x131  stm8s_clk.o [1]
  .near_func.text  ro code  0x0081b1   0xde  stm8s_clk.o [1]
  .near_func.text  ro code  0x00828f   0xd0  stm8s_tim1.o [1]
  .near_func.text  ro code  0x00835f   0xa7  stm8s_clk.o [1]
  .near_func.text  ro code  0x008406   0x99  stm8s_tim1.o [1]
  .near_func.text  ro code  0x00849f   0x8b  stm8s_clk.o [1]
  .near_func.text  ro code  0x00852a   0x73  vreg_util.o [4]
  .near_func.text  ro code  0x00859d   0x60  stm8s_tim1.o [1]
  .near.rodata     const    0x0085fd   0x54  stm8s_tim1.o [1]
  .near.rodata     const    0x008651   0x54  stm8s_tim4.o [1]
  .near.rodata     const    0x0086a5   0x53  stm8s_clk.o [1]
  .near_func.text  ro code  0x0086f8   0x51  stm8s_tim4.o [1]
  .near_func.text  ro code  0x008749   0x50  stm8s_tim4.o [1]
  .near_func.text  ro code  0x008799   0x3f  m_stm8s208_tim1.o [1]
  .near_func.text  ro code  0x0087d8   0x36  stm8s_clk.o [1]
  .near_func.text  ro code  0x00880e   0x32  stm8s_tim4.o [1]
  .near_func.text  ro code  0x008840   0x31  m_stm8s208_clk.o [1]
  .near_func.text  ro code  0x008871   0x2f  stm8s_clk.o [1]
  .near_func.text  ro code  0x0088a0   0x2f  stm8s_clk.o [1]
  .near_func.text  ro code  0x0088cf   0x2f  stm8s_tim1.o [1]
  .near_func.text  ro code  0x0088fe   0x2f  stm8s_tim1.o [1]
  .near_func.text  ro code  0x00892d   0x2f  stm8s_tim1.o [1]
  .near_func.text  ro code  0x00895c   0x2f  stm8s_tim1.o [1]
  .near_func.text  ro code  0x00898b   0x2f  stm8s_tim4.o [1]
  .near_func.text  ro code  0x0089ba   0x2f  stm8s_tim4.o [1]
  .near_func.text  ro code  0x0089e9   0x2d  m_stm8s208_tim4.o [1]
  .near_func.text  ro code  0x008a16   0x2c  main.o [1]
  .near_func.text  ro code  0x008a42   0x26  m_stm8s208_tim4.o [1]
  .near_func.text  ro code  0x008a68   0x24  stm8s_tim4.o [1]
  .near_func.text  ro code  0x008a8c   0x19  stm8s_tim4.o [1]
  .near_func.text  ro code  0x008aa5   0x17  init.o [4]
  .near_func.text  ro code  0x008abc   0x14  __dbg_xxexit.o [3]
  .near_func.text  ro code  0x008ad0   0x13  cstartup.o [4]
  .near_func.text  ro code  0x008ae3    0x9  stm8s_tim1.o [1]
  .near_func.text  ro code  0x008aec    0x8  short.o [4]
  .near_func.text  ro code  0x008af4    0x5  cexit.o [4]
  .near_func.text  ro code  0x008af9    0x4  stm8s_clk.o [1]
  .near_func.text  ro code  0x008afd    0x3  interrupt.o [4]
  .near_func.text  ro code  0x008b00    0x3  low_level_init.o [4]
  .near_func.text  ro code  0x008b03    0x3  exit.o [4]
  .near_func.text  ro code  0x008b06    0x3  unhandled_exception.o [4]
  .near_func.text  ro code  0x008b09    0x2  main.o [1]
  .near_func.text  ro code  0x008b0b    0x1  stm8s_it.o [1]
  .near_func.text  ro code  0x008b0c    0x1  stm8s_it.o [1]
  .near_func.text  ro code  0x008b0d    0x1  stm8s_it.o [1]
  .near_func.text  ro code  0x008b0e    0x1  stm8s_it.o [1]
  .near_func.text  ro code  0x008b0f    0x1  stm8s_it.o [1]
  .near_func.text  ro code  0x008b10    0x1  stm8s_it.o [1]
  .near_func.text  ro code  0x008b11    0x1  stm8s_it.o [1]
  .near_func.text  ro code  0x008b12    0x1  stm8s_it.o [1]
  .near_func.text  ro code  0x008b13    0x1  stm8s_it.o [1]
  .near_func.text  ro code  0x008b14    0x1  stm8s_it.o [1]
  .near_func.text  ro code  0x008b15    0x1  stm8s_it.o [1]
  .near_func.text  ro code  0x008b16    0x1  stm8s_it.o [1]
  .near_func.text  ro code  0x008b17    0x1  stm8s_it.o [1]
  .near_func.text  ro code  0x008b18    0x1  stm8s_it.o [1]
  .near_func.text  ro code  0x008b19    0x1  stm8s_it.o [1]
  .near_func.text  ro code  0x008b1a    0x1  stm8s_it.o [1]
  .near_func.text  ro code  0x008b1b    0x1  stm8s_it.o [1]
  .near_func.text  ro code  0x008b1c    0x1  stm8s_it.o [1]
  .near_func.text  ro code  0x008b1d    0x1  stm8s_it.o [1]
  .near_func.text  ro code  0x008b1e    0x1  stm8s_it.o [1]
  .near_func.text  ro code  0x008b1f    0x1  stm8s_it.o [1]
  .near_func.text  ro code  0x008b20    0x1  stm8s_it.o [1]
  .near_func.text  ro code  0x008b21    0x1  stm8s_it.o [1]
  .near_func.text  ro code  0x008b22    0x1  stm8s_it.o [1]
  .near_func.text  ro code  0x008b23    0x1  stm8s_it.o [1]
  .near_func.text  ro code  0x008b24    0x1  stm8s_it.o [1]
  .near_func.text  ro code  0x008b25    0x1  __dbg_break.o [3]
                          - 0x008b26  0xaa6



*******************************************************************************
*** MODULE SUMMARY
***

    Module                 ro code  ro data  rw data
    ------                 -------  -------  -------
E:\STM8S\Project_IAR\STM8S_Lesson5_STD_PWM\PWM_Exercise1\ProjectFile\Debug\Obj: [1]
    m_stm8s208_clk.o            49
    m_stm8s208_tim1.o           63
    m_stm8s208_tim4.o           83
    main.o                      46
    stm8s_clk.o                985       83
    stm8s_it.o                  26
    stm8s_tim1.o               654       84
    stm8s_tim4.o               366       84
    ------------------------------------------------
    Total:                   2 272      251

command line: [2]
    ------------------------------------------------
    Total:

dbgstm8smd.a: [3]
    __dbg_break.o                1
    __dbg_xxexit.o              20
    ------------------------------------------------
    Total:                      21

dlstm8smn.a: [4]
    cexit.o                      5
    cstartup.o                  19
    exit.o                       3
    init.o                      23
    interrupt.o                  3      128
    low_level_init.o             3
    short.o                      8
    unhandled_exception.o        3
    vreg_util.o                115
    vregs.o                                       16
    ------------------------------------------------
    Total:                     182      128       16

    Linker created                               256
----------------------------------------------------
    Grand Total:             2 475      379      272


*******************************************************************************
*** ENTRY LIST
***

Entry                      Address   Size  Type      Object
-----                      -------   ----  ----      ------
?b0                       0x000000         Data  Gb  vregs.o [4]
?b1                       0x000001         Data  Gb  vregs.o [4]
?b10                      0x00000a         Data  Gb  vregs.o [4]
?b11                      0x00000b         Data  Gb  vregs.o [4]
?b12                      0x00000c         Data  Gb  vregs.o [4]
?b13                      0x00000d         Data  Gb  vregs.o [4]
?b14                      0x00000e         Data  Gb  vregs.o [4]
?b15                      0x00000f         Data  Gb  vregs.o [4]
?b2                       0x000002         Data  Gb  vregs.o [4]
?b3                       0x000003         Data  Gb  vregs.o [4]
?b4                       0x000004         Data  Gb  vregs.o [4]
?b5                       0x000005         Data  Gb  vregs.o [4]
?b6                       0x000006         Data  Gb  vregs.o [4]
?b7                       0x000007         Data  Gb  vregs.o [4]
?b8                       0x000008         Data  Gb  vregs.o [4]
?b9                       0x000009         Data  Gb  vregs.o [4]
?e0                       0x000001         Data  Gb  vregs.o [4]
?e1                       0x000005         Data  Gb  vregs.o [4]
?e2                       0x000009         Data  Gb  vregs.o [4]
?e3                       0x00000d         Data  Gb  vregs.o [4]
?epilogue_l2_w6           0x008592         Code  Gb  vreg_util.o [4]
?epilogue_w4              0x008599         Code  Gb  vreg_util.o [4]
?l0                       0x000000         Data  Gb  vregs.o [4]
?l1                       0x000004         Data  Gb  vregs.o [4]
?l2                       0x000008         Data  Gb  vregs.o [4]
?l3                       0x00000c         Data  Gb  vregs.o [4]
?pop_l2                   0x00857f         Code  Gb  vreg_util.o [4]
?pop_w4                   0x008547         Code  Gb  vreg_util.o [4]
?pop_w6                   0x00854e         Code  Gb  vreg_util.o [4]
?push_l2                  0x00855d         Code  Gb  vreg_util.o [4]
?push_w4                  0x00852a         Code  Gb  vreg_util.o [4]
?push_w6                  0x00852f         Code  Gb  vreg_util.o [4]
?sll16_x_x_a              0x008aec         Code  Gb  short.o [4]
?w0                       0x000000         Data  Gb  vregs.o [4]
?w1                       0x000002         Data  Gb  vregs.o [4]
?w2                       0x000004         Data  Gb  vregs.o [4]
?w3                       0x000006         Data  Gb  vregs.o [4]
?w4                       0x000008         Data  Gb  vregs.o [4]
?w5                       0x00000a         Data  Gb  vregs.o [4]
?w6                       0x00000c         Data  Gb  vregs.o [4]
?w7                       0x00000e         Data  Gb  vregs.o [4]
ADC2_IRQHandler           0x008b22    0x1  Code  Gb  stm8s_it.o [1]
AWU_IRQHandler            0x008b0d    0x1  Code  Gb  stm8s_it.o [1]
CAN_RX_IRQHandler         0x008b14    0x1  Code  Gb  stm8s_it.o [1]
CAN_TX_IRQHandler         0x008b15    0x1  Code  Gb  stm8s_it.o [1]
CLK_CONFIG_24MHZ_HSE      0x008840   0x31  Code  Gb  m_stm8s208_clk.o [1]
CLK_ClockSwitchCmd        0x0088a0   0x2f  Code  Gb  stm8s_clk.o [1]
CLK_ClockSwitchConfig     0x008080  0x131  Code  Gb  stm8s_clk.o [1]
CLK_DeInit                0x0087d8   0x36  Code  Gb  stm8s_clk.o [1]
CLK_GetFlagStatus         0x00835f   0xa7  Code  Gb  stm8s_clk.o [1]
CLK_GetSYSCLKSource       0x008af9    0x4  Code  Gb  stm8s_clk.o [1]
CLK_HSECmd                0x008871   0x2f  Code  Gb  stm8s_clk.o [1]
CLK_IRQHandler            0x008b0e    0x1  Code  Gb  stm8s_it.o [1]
CLK_PeripheralClockConfig
                          0x0081b1   0xde  Code  Gb  stm8s_clk.o [1]
CLK_SYSCLKConfig          0x00849f   0x8b  Code  Gb  stm8s_clk.o [1]
CSTACK$$Base              0x001700          --   Gb  - Linker created -
CSTACK$$Limit             0x001800          --   Gb  - Linker created -
EEPROM_EEC_IRQHandler     0x008b24    0x1  Code  Gb  stm8s_it.o [1]
EXTI_PORTA_IRQHandler     0x008b0f    0x1  Code  Gb  stm8s_it.o [1]
EXTI_PORTB_IRQHandler     0x008b10    0x1  Code  Gb  stm8s_it.o [1]
EXTI_PORTC_IRQHandler     0x008b11    0x1  Code  Gb  stm8s_it.o [1]
EXTI_PORTD_IRQHandler     0x008b12    0x1  Code  Gb  stm8s_it.o [1]
EXTI_PORTE_IRQHandler     0x008b13    0x1  Code  Gb  stm8s_it.o [1]
I2C_IRQHandler            0x008b1f    0x1  Code  Gb  stm8s_it.o [1]
INTVEC$$Base              0x008000          --   Gb  - Linker created -
INTVEC$$Limit             0x008080          --   Gb  - Linker created -
Region$$Table$$Base     0x00000000          --   Gb  - Linker created -
Region$$Table$$Limit    0x00000000          --   Gb  - Linker created -
SPI_IRQHandler            0x008b16    0x1  Code  Gb  stm8s_it.o [1]
TIM1_ARRPreloadConfig     0x00892d   0x2f  Code  Gb  stm8s_tim1.o [1]
TIM1_CAP_COM_IRQHandler
                          0x008b18    0x1  Code  Gb  stm8s_it.o [1]
TIM1_Cmd                  0x0088cf   0x2f  Code  Gb  stm8s_tim1.o [1]
TIM1_CtrlPWMOutputs       0x0088fe   0x2f  Code  Gb  stm8s_tim1.o [1]
TIM1_DeInit               0x008406   0x99  Code  Gb  stm8s_tim1.o [1]
TIM1_OC4Init              0x00828f   0xd0  Code  Gb  stm8s_tim1.o [1]
TIM1_OC4PreloadConfig     0x00895c   0x2f  Code  Gb  stm8s_tim1.o [1]
TIM1_PWM_Configuration    0x008799   0x3f  Code  Gb  m_stm8s208_tim1.o [1]
TIM1_SetCompare4          0x008ae3    0x9  Code  Gb  stm8s_tim1.o [1]
TIM1_TimeBaseInit         0x00859d   0x60  Code  Gb  stm8s_tim1.o [1]
TIM1_UPD_OVF_TRG_BRK_IRQHandler
                          0x008b17    0x1  Code  Gb  stm8s_it.o [1]
TIM2_CAP_COM_IRQHandler
                          0x008b1a    0x1  Code  Gb  stm8s_it.o [1]
TIM2_UPD_OVF_BRK_IRQHandler
                          0x008b19    0x1  Code  Gb  stm8s_it.o [1]
TIM3_CAP_COM_IRQHandler
                          0x008b1c    0x1  Code  Gb  stm8s_it.o [1]
TIM3_UPD_OVF_BRK_IRQHandler
                          0x008b1b    0x1  Code  Gb  stm8s_it.o [1]
TIM4_ARRPreloadConfig     0x0089ba   0x2f  Code  Gb  stm8s_tim4.o [1]
TIM4_ClearFlag            0x008a68   0x24  Code  Gb  stm8s_tim4.o [1]
TIM4_Cmd                  0x00898b   0x2f  Code  Gb  stm8s_tim4.o [1]
TIM4_DeInit               0x008a8c   0x19  Code  Gb  stm8s_tim4.o [1]
TIM4_GetFlagStatus        0x00880e   0x32  Code  Gb  stm8s_tim4.o [1]
TIM4_ITConfig             0x008749   0x50  Code  Gb  stm8s_tim4.o [1]
TIM4_TimeBaseInit         0x0086f8   0x51  Code  Gb  stm8s_tim4.o [1]
TIM4_UPD_OVF_IRQHandler
                          0x008b23    0x1  Code  Gb  stm8s_it.o [1]
TIM4_config               0x0089e9   0x2d  Code  Gb  m_stm8s208_tim4.o [1]
TLI_IRQHandler            0x008b0c    0x1  Code  Gb  stm8s_it.o [1]
TRAP_IRQHandler           0x008b0b    0x1  Code  Gb  stm8s_it.o [1]
UART1_RX_IRQHandler       0x008b1e    0x1  Code  Gb  stm8s_it.o [1]
UART1_TX_IRQHandler       0x008b1d    0x1  Code  Gb  stm8s_it.o [1]
UART3_RX_IRQHandler       0x008b21    0x1  Code  Gb  stm8s_it.o [1]
UART3_TX_IRQHandler       0x008b20    0x1  Code  Gb  stm8s_it.o [1]
__DebugBreak              0x008b25    0x1  Code  Gb  __dbg_break.o [3]
__exit                    0x008abc   0x14  Code  Gb  __dbg_xxexit.o [3]
__iar_data_init2          0x008aa5   0x17  Code  Gb  init.o [4]
__iar_program_start       0x008ad0         Code  Gb  cstartup.o [4]
__iar_unhandled_exception
                          0x008b06         Code  Gb  unhandled_exception.o [4]
__intvec                  0x008000         Data  Gb  interrupt.o [4]
__low_level_init          0x008b00    0x3  Code  Gb  low_level_init.o [4]
_exit                     0x008af4         Code  Gb  cexit.o [4]
_interrupt_1              0x008b0b         Code  Gb  stm8s_it.o [1]
_interrupt_10             0x008b14         Code  Gb  stm8s_it.o [1]
_interrupt_11             0x008b15         Code  Gb  stm8s_it.o [1]
_interrupt_12             0x008b16         Code  Gb  stm8s_it.o [1]
_interrupt_13             0x008b17         Code  Gb  stm8s_it.o [1]
_interrupt_14             0x008b18         Code  Gb  stm8s_it.o [1]
_interrupt_15             0x008b19         Code  Gb  stm8s_it.o [1]
_interrupt_16             0x008b1a         Code  Gb  stm8s_it.o [1]
_interrupt_17             0x008b1b         Code  Gb  stm8s_it.o [1]
_interrupt_18             0x008b1c         Code  Gb  stm8s_it.o [1]
_interrupt_19             0x008b1d         Code  Gb  stm8s_it.o [1]
_interrupt_2              0x008b0c         Code  Gb  stm8s_it.o [1]
_interrupt_20             0x008b1e         Code  Gb  stm8s_it.o [1]
_interrupt_21             0x008b1f         Code  Gb  stm8s_it.o [1]
_interrupt_22             0x008b20         Code  Gb  stm8s_it.o [1]
_interrupt_23             0x008b21         Code  Gb  stm8s_it.o [1]
_interrupt_24             0x008b22         Code  Gb  stm8s_it.o [1]
_interrupt_25             0x008b23         Code  Gb  stm8s_it.o [1]
_interrupt_26             0x008b24         Code  Gb  stm8s_it.o [1]
_interrupt_3              0x008b0d         Code  Gb  stm8s_it.o [1]
_interrupt_4              0x008b0e         Code  Gb  stm8s_it.o [1]
_interrupt_5              0x008b0f         Code  Gb  stm8s_it.o [1]
_interrupt_6              0x008b10         Code  Gb  stm8s_it.o [1]
_interrupt_7              0x008b11         Code  Gb  stm8s_it.o [1]
_interrupt_8              0x008b12         Code  Gb  stm8s_it.o [1]
_interrupt_9              0x008b13         Code  Gb  stm8s_it.o [1]
assert_failed             0x008b09    0x2  Code  Gb  main.o [1]
delay_ms_TIM4             0x008a42   0x26  Code  Gb  m_stm8s208_tim4.o [1]
exit                      0x008b03    0x3  Code  Gb  exit.o [4]
main                      0x008a16   0x2c  Code  Gb  main.o [1]


[1] = E:\STM8S\Project_IAR\STM8S_Lesson5_STD_PWM\PWM_Exercise1\ProjectFile\Debug\Obj
[2] = command line
[3] = dbgstm8smd.a
[4] = dlstm8smn.a

  2 475 bytes of readonly  code memory
    379 bytes of readonly  data memory
    272 bytes of readwrite data memory

Errors: none
Warnings: none
