###############################################################################
#
# IAR ELF Linker V2.20.1.176 for STM8                     27/Mar/2023  10:19:32
# Copyright 2010-2015 IAR Systems AB.
#
#    Output file  =  
#        E:\STM8S\Project_IAR\STM8S_Lesson7_STD_UART\UART_Exercise2\ProjectFile\Debug\Exe\UART_Exercise2.out
#    Map file     =  
#        E:\STM8S\Project_IAR\STM8S_Lesson7_STD_UART\UART_Exercise2\ProjectFile\Debug\List\UART_Exercise2.map
#    Command line =  
#        E:\STM8S\Project_IAR\STM8S_Lesson7_STD_UART\UART_Exercise2\ProjectFile\Debug\Obj\m_stm8s208_clk.o
#        E:\STM8S\Project_IAR\STM8S_Lesson7_STD_UART\UART_Exercise2\ProjectFile\Debug\Obj\m_stm8s208_tim4.o
#        E:\STM8S\Project_IAR\STM8S_Lesson7_STD_UART\UART_Exercise2\ProjectFile\Debug\Obj\m_stm8s208_uart3.o
#        E:\STM8S\Project_IAR\STM8S_Lesson7_STD_UART\UART_Exercise2\ProjectFile\Debug\Obj\main.o
#        E:\STM8S\Project_IAR\STM8S_Lesson7_STD_UART\UART_Exercise2\ProjectFile\Debug\Obj\stm8s_clk.o
#        E:\STM8S\Project_IAR\STM8S_Lesson7_STD_UART\UART_Exercise2\ProjectFile\Debug\Obj\stm8s_gpio.o
#        E:\STM8S\Project_IAR\STM8S_Lesson7_STD_UART\UART_Exercise2\ProjectFile\Debug\Obj\stm8s_it.o
#        E:\STM8S\Project_IAR\STM8S_Lesson7_STD_UART\UART_Exercise2\ProjectFile\Debug\Obj\stm8s_tim4.o
#        E:\STM8S\Project_IAR\STM8S_Lesson7_STD_UART\UART_Exercise2\ProjectFile\Debug\Obj\stm8s_uart3.o
#        --redirect _Printf=_PrintfSmall --redirect _Scanf=_ScanfSmall -o
#        E:\STM8S\Project_IAR\STM8S_Lesson7_STD_UART\UART_Exercise2\ProjectFile\Debug\Exe\UART_Exercise2.out
#        --map
#        E:\STM8S\Project_IAR\STM8S_Lesson7_STD_UART\UART_Exercise2\ProjectFile\Debug\List\UART_Exercise2.map
#        --config "C:\Program Files (x86)\IAR Systems\Embedded Workbench
#        7.3\stm8\config\lnkstm8s208c8.icf" --config_def _CSTACK_SIZE=0x100
#        --config_def _HEAP_SIZE=0x100 --entry __iar_program_start --debug_lib
#
###############################################################################

*******************************************************************************
*** RUNTIME MODEL ATTRIBUTES
***

__SystemLibrary            = DLib
__code_model               = small
__core                     = stm8
__data_model               = medium
__dlib_file_descriptor     = 0
__dlib_full_locale_support = 0
__rt_version               = 4


*******************************************************************************
*** PLACEMENT SUMMARY
***

"A1":  place at start of [0x000000-0x0000ff] { rw section .vregs };
"A2":  place at end of [0x000000-0x0017ff] { block CSTACK };
"A3":  place at start of [0x008000-0x00ffff] { block INTVEC };
"P3":  place in [from 0x008000 to 0x00ffff] {
          ro section __DLIB_PERTHREAD_init, ro section .far.data_init,
          ro section .far_func.textrw_init, ro section .huge.data_init,
          ro section .huge_func.textrw_init, ro section .iar.init_table,
          ro section .init_array, ro section .near.data_init,
          ro section .near.rodata, ro section .near_func.text,
          ro section .near_func.textrw_init, ro section .tiny.data_init,
          ro section .tiny.rodata_init };

  Section          Kind      Address   Size  Object
  -------          ----      -------   ----  ------
"A1":                                  0x10
  .vregs           uninit   0x000000   0x10  vregs.o [4]
                          - 0x000010   0x10

"A2":                                 0x100
  CSTACK                    0x001700  0x100  <Block>
    CSTACK         uninit   0x001700  0x100  <Block tail>
                          - 0x001800  0x100

"A3":                                  0x80
  INTVEC                    0x008000   0x80  <Block>
    .intvec        const    0x008000   0x80  interrupt.o [4]
                          - 0x008080   0x80

"P3":                                 0xede
  .near_func.text  ro code  0x008080  0x1b2  stm8s_uart3.o [1]
  .near_func.text  ro code  0x008232  0x131  stm8s_clk.o [1]
  .near_func.text  ro code  0x008363  0x12b  long.o [4]
  .near_func.text  ro code  0x00848e  0x114  stm8s_gpio.o [1]
  .near_func.text  ro code  0x0085a2   0xe5  vreg_util.o [4]
  .near_func.text  ro code  0x008687   0xde  stm8s_clk.o [1]
  .near_func.text  ro code  0x008765   0xcc  stm8s_uart3.o [1]
  .near_func.text  ro code  0x008831   0xa7  stm8s_clk.o [1]
  .near_func.text  ro code  0x0088d8   0x8b  stm8s_clk.o [1]
  .near.rodata     const    0x008963   0x57  stm8s_uart3.o [1]
  .near_func.text  ro code  0x0089ba   0x57  stm8s_clk.o [1]
  .near.rodata     const    0x008a11   0x56  stm8s_gpio.o [1]
  .near.rodata     const    0x008a67   0x56  stm8s_tim4.o [1]
  .near.rodata     const    0x008abd   0x55  stm8s_clk.o [1]
  .near_func.text  ro code  0x008b12   0x51  stm8s_tim4.o [1]
  .near_func.text  ro code  0x008b63   0x50  stm8s_tim4.o [1]
  .near_func.text  ro code  0x008bb3   0x47  long_util.o [4]
  .near_func.text  ro code  0x008bfa   0x36  stm8s_clk.o [1]
  .near_func.text  ro code  0x008c30   0x32  stm8s_tim4.o [1]
  .near_func.text  ro code  0x008c62   0x31  m_stm8s208_clk.o [1]
  .near_func.text  ro code  0x008c93   0x2f  stm8s_clk.o [1]
  .near_func.text  ro code  0x008cc2   0x2f  stm8s_clk.o [1]
  .near_func.text  ro code  0x008cf1   0x2f  stm8s_tim4.o [1]
  .near_func.text  ro code  0x008d20   0x2f  stm8s_tim4.o [1]
  .near_func.text  ro code  0x008d4f   0x2d  m_stm8s208_tim4.o [1]
  .near_func.text  ro code  0x008d7c   0x26  m_stm8s208_tim4.o [1]
  .near_func.text  ro code  0x008da2   0x26  m_stm8s208_uart3.o [1]
  .near_func.text  ro code  0x008dc8   0x26  main.o [1]
  .near_func.text  ro code  0x008dee   0x25  stm8s_uart3.o [1]
  .near_func.text  ro code  0x008e13   0x25  dc_util.o [4]
  .near_func.text  ro code  0x008e38   0x24  stm8s_tim4.o [1]
  .near_func.text  ro code  0x008e5c   0x1e  m_stm8s208_uart3.o [1]
  .near_func.text  ro code  0x008e7a   0x1b  stm8s_gpio.o [1]
  .near_func.text  ro code  0x008e95   0x19  stm8s_tim4.o [1]
  .near_func.text  ro code  0x008eae   0x17  init.o [4]
  .near_func.text  ro code  0x008ec5   0x14  main.o [1]
  .near_func.text  ro code  0x008ed9   0x14  __dbg_xxexit.o [3]
  .near_func.text  ro code  0x008eed   0x13  cstartup.o [4]
  .near_func.text  ro code  0x008f00    0xd  stm8s_uart3.o [1]
  .near_func.text  ro code  0x008f0d    0xd  short.o [4]
  .near.rodata     const    0x008f1a    0xa  main.o [1]
  .near_func.text  ro code  0x008f24    0x5  cexit.o [4]
  .near.rodata     const    0x008f29    0x4  stm8s_clk.o [1]
  .near_func.text  ro code  0x008f2d    0x4  stm8s_clk.o [1]
  .near_func.text  ro code  0x008f31    0x4  stm8s_uart3.o [1]
  .near_func.text  ro code  0x008f35    0x3  interrupt.o [4]
  .near_func.text  ro code  0x008f38    0x3  low_level_init.o [4]
  .near_func.text  ro code  0x008f3b    0x3  exit.o [4]
  .near_func.text  ro code  0x008f3e    0x3  unhandled_exception.o [4]
  .near_func.text  ro code  0x008f41    0x2  main.o [1]
  .near_func.text  ro code  0x008f43    0x1  stm8s_it.o [1]
  .near_func.text  ro code  0x008f44    0x1  stm8s_it.o [1]
  .near_func.text  ro code  0x008f45    0x1  stm8s_it.o [1]
  .near_func.text  ro code  0x008f46    0x1  stm8s_it.o [1]
  .near_func.text  ro code  0x008f47    0x1  stm8s_it.o [1]
  .near_func.text  ro code  0x008f48    0x1  stm8s_it.o [1]
  .near_func.text  ro code  0x008f49    0x1  stm8s_it.o [1]
  .near_func.text  ro code  0x008f4a    0x1  stm8s_it.o [1]
  .near_func.text  ro code  0x008f4b    0x1  stm8s_it.o [1]
  .near_func.text  ro code  0x008f4c    0x1  stm8s_it.o [1]
  .near_func.text  ro code  0x008f4d    0x1  stm8s_it.o [1]
  .near_func.text  ro code  0x008f4e    0x1  stm8s_it.o [1]
  .near_func.text  ro code  0x008f4f    0x1  stm8s_it.o [1]
  .near_func.text  ro code  0x008f50    0x1  stm8s_it.o [1]
  .near_func.text  ro code  0x008f51    0x1  stm8s_it.o [1]
  .near_func.text  ro code  0x008f52    0x1  stm8s_it.o [1]
  .near_func.text  ro code  0x008f53    0x1  stm8s_it.o [1]
  .near_func.text  ro code  0x008f54    0x1  stm8s_it.o [1]
  .near_func.text  ro code  0x008f55    0x1  stm8s_it.o [1]
  .near_func.text  ro code  0x008f56    0x1  stm8s_it.o [1]
  .near_func.text  ro code  0x008f57    0x1  stm8s_it.o [1]
  .near_func.text  ro code  0x008f58    0x1  stm8s_it.o [1]
  .near_func.text  ro code  0x008f59    0x1  stm8s_it.o [1]
  .near_func.text  ro code  0x008f5a    0x1  stm8s_it.o [1]
  .near_func.text  ro code  0x008f5b    0x1  stm8s_it.o [1]
  .near_func.text  ro code  0x008f5c    0x1  stm8s_it.o [1]
  .near_func.text  ro code  0x008f5d    0x1  __dbg_break.o [3]
                          - 0x008f5e  0xede



*******************************************************************************
*** MODULE SUMMARY
***

    Module                 ro code  ro data  rw data
    ------                 -------  -------  -------
E:\STM8S\Project_IAR\STM8S_Lesson7_STD_UART\UART_Exercise2\ProjectFile\Debug\Obj: [1]
    m_stm8s208_clk.o            49
    m_stm8s208_tim4.o           83
    m_stm8s208_uart3.o          68
    main.o                      60       10
    stm8s_clk.o              1 072       89
    stm8s_gpio.o               303       86
    stm8s_it.o                  26
    stm8s_tim4.o               366       86
    stm8s_uart3.o              692       87
    ------------------------------------------------
    Total:                   2 719      358

command line: [2]
    ------------------------------------------------
    Total:

dbgstm8smd.a: [3]
    __dbg_break.o                1
    __dbg_xxexit.o              20
    ------------------------------------------------
    Total:                      21

dlstm8smn.a: [4]
    cexit.o                      5
    cstartup.o                  19
    dc_util.o                   37
    exit.o                       3
    init.o                      23
    interrupt.o                  3      128
    long.o                     299
    long_util.o                 71
    low_level_init.o             3
    short.o                     13
    unhandled_exception.o        3
    vreg_util.o                229
    vregs.o                                       16
    ------------------------------------------------
    Total:                     708      128       16

    Linker created                               256
----------------------------------------------------
    Grand Total:             3 448      486      272


*******************************************************************************
*** ENTRY LIST
***

Entry                     Address   Size  Type      Object
-----                     -------   ----  ----      ------
?b0                      0x000000         Data  Gb  vregs.o [4]
?b1                      0x000001         Data  Gb  vregs.o [4]
?b10                     0x00000a         Data  Gb  vregs.o [4]
?b11                     0x00000b         Data  Gb  vregs.o [4]
?b12                     0x00000c         Data  Gb  vregs.o [4]
?b13                     0x00000d         Data  Gb  vregs.o [4]
?b14                     0x00000e         Data  Gb  vregs.o [4]
?b15                     0x00000f         Data  Gb  vregs.o [4]
?b2                      0x000002         Data  Gb  vregs.o [4]
?b3                      0x000003         Data  Gb  vregs.o [4]
?b4                      0x000004         Data  Gb  vregs.o [4]
?b5                      0x000005         Data  Gb  vregs.o [4]
?b6                      0x000006         Data  Gb  vregs.o [4]
?b7                      0x000007         Data  Gb  vregs.o [4]
?b8                      0x000008         Data  Gb  vregs.o [4]
?b9                      0x000009         Data  Gb  vregs.o [4]
?dc32_l0                 0x008e13         Code  Gb  dc_util.o [4]
?dc32_l1                 0x008e20         Code  Gb  dc_util.o [4]
?dc32_px                 0x008e2d         Code  Gb  dc_util.o [4]
?e0                      0x000001         Data  Gb  vregs.o [4]
?e1                      0x000005         Data  Gb  vregs.o [4]
?e2                      0x000009         Data  Gb  vregs.o [4]
?e3                      0x00000d         Data  Gb  vregs.o [4]
?epilogue_l2             0x00861d         Code  Gb  vreg_util.o [4]
?epilogue_l2_l3          0x00861a         Code  Gb  vreg_util.o [4]
?epilogue_l2_w6          0x008621         Code  Gb  vreg_util.o [4]
?epilogue_w4             0x008628         Code  Gb  vreg_util.o [4]
?l0                      0x000000         Data  Gb  vregs.o [4]
?l1                      0x000004         Data  Gb  vregs.o [4]
?l2                      0x000008         Data  Gb  vregs.o [4]
?l3                      0x00000c         Data  Gb  vregs.o [4]
?load32_0x_l0            0x008bec         Code  Gb  long_util.o [4]
?load32_asp_l0           0x008be0         Code  Gb  long_util.o [4]
?load32_dbsp_l0          0x008bdb         Code  Gb  long_util.o [4]
?load32_l0_0x            0x008bc3         Code  Gb  long_util.o [4]
?load32_l0_asp           0x008bb8         Code  Gb  long_util.o [4]
?load32_l0_dbsp          0x008bb3         Code  Gb  long_util.o [4]
?load32_l0_xsp           0x008bba         Code  Gb  long_util.o [4]
?load32_l1_0x            0x008bcf         Code  Gb  long_util.o [4]
?load32_xsp_l0           0x008be2         Code  Gb  long_util.o [4]
?mov_e0_e2               0x00862f         Code  Gb  vreg_util.o [4]
?mov_e0_e3               0x00863c         Code  Gb  vreg_util.o [4]
?mov_e1_e0               0x008649         Code  Gb  vreg_util.o [4]
?mov_e1_e2               0x008656         Code  Gb  vreg_util.o [4]
?mov_e1_e3               0x008663         Code  Gb  vreg_util.o [4]
?mov_e2_e0               0x008670         Code  Gb  vreg_util.o [4]
?mov_e3_e0               0x00867d         Code  Gb  vreg_util.o [4]
?mov_l0_l2               0x00862c         Code  Gb  vreg_util.o [4]
?mov_l0_l3               0x008639         Code  Gb  vreg_util.o [4]
?mov_l1_l0               0x008646         Code  Gb  vreg_util.o [4]
?mov_l1_l2               0x008653         Code  Gb  vreg_util.o [4]
?mov_l1_l3               0x008660         Code  Gb  vreg_util.o [4]
?mov_l2_l0               0x00866d         Code  Gb  vreg_util.o [4]
?mov_l3_l0               0x00867a         Code  Gb  vreg_util.o [4]
?mov_w1_w5               0x008632         Code  Gb  vreg_util.o [4]
?mov_w1_w7               0x00863f         Code  Gb  vreg_util.o [4]
?mov_w3_w1               0x00864c         Code  Gb  vreg_util.o [4]
?mov_w3_w5               0x008659         Code  Gb  vreg_util.o [4]
?mov_w3_w7               0x008666         Code  Gb  vreg_util.o [4]
?mov_w5_w1               0x008673         Code  Gb  vreg_util.o [4]
?mov_w7_w1               0x008680         Code  Gb  vreg_util.o [4]
?mul32_l0_l0_0x          0x008381         Code  Gb  long.o [4]
?mul32_l0_l0_dl          0x00837e         Code  Gb  long.o [4]
?mul32_l0_l0_l1          0x00838a         Code  Gb  long.o [4]
?pop_l2                  0x0085fc         Code  Gb  vreg_util.o [4]
?pop_l3                  0x008607         Code  Gb  vreg_util.o [4]
?pop_w4                  0x0085bf         Code  Gb  vreg_util.o [4]
?pop_w6                  0x0085c6         Code  Gb  vreg_util.o [4]
?push_l2                 0x0085d5         Code  Gb  vreg_util.o [4]
?push_l3                 0x0085da         Code  Gb  vreg_util.o [4]
?push_w4                 0x0085a2         Code  Gb  vreg_util.o [4]
?push_w6                 0x0085a7         Code  Gb  vreg_util.o [4]
?sll16_x_x_a             0x008f0d         Code  Gb  short.o [4]
?sll32_0x_0x_a           0x008480         Code  Gb  long.o [4]
?sll32_l0_l0_a           0x00847d         Code  Gb  long.o [4]
?srl16_x_x_4             0x008f15         Code  Gb  short.o [4]
?sub32_l0_l0_0x          0x008366         Code  Gb  long.o [4]
?sub32_l0_l0_l1          0x008363         Code  Gb  long.o [4]
?udiv32_l0_dl_l1         0x008408         Code  Gb  long.o [4]
?udiv32_l0_l0_dl         0x00840d         Code  Gb  long.o [4]
?udiv32_l0_l0_l1         0x008410         Code  Gb  long.o [4]
?umod32_l1_l0_l1         0x008410         Code  Gb  long.o [4]
?w0                      0x000000         Data  Gb  vregs.o [4]
?w1                      0x000002         Data  Gb  vregs.o [4]
?w2                      0x000004         Data  Gb  vregs.o [4]
?w3                      0x000006         Data  Gb  vregs.o [4]
?w4                      0x000008         Data  Gb  vregs.o [4]
?w5                      0x00000a         Data  Gb  vregs.o [4]
?w6                      0x00000c         Data  Gb  vregs.o [4]
?w7                      0x00000e         Data  Gb  vregs.o [4]
ADC2_IRQHandler          0x008f5a    0x1  Code  Gb  stm8s_it.o [1]
AWU_IRQHandler           0x008f45    0x1  Code  Gb  stm8s_it.o [1]
CAN_RX_IRQHandler        0x008f4c    0x1  Code  Gb  stm8s_it.o [1]
CAN_TX_IRQHandler        0x008f4d    0x1  Code  Gb  stm8s_it.o [1]
CLK_CONFIG_24MHZ_HSE     0x008c62   0x31  Code  Gb  m_stm8s208_clk.o [1]
CLK_ClockSwitchCmd       0x008cc2   0x2f  Code  Gb  stm8s_clk.o [1]
CLK_ClockSwitchConfig    0x008232  0x131  Code  Gb  stm8s_clk.o [1]
CLK_DeInit               0x008bfa   0x36  Code  Gb  stm8s_clk.o [1]
CLK_GetClockFreq         0x0089ba   0x57  Code  Gb  stm8s_clk.o [1]
CLK_GetFlagStatus        0x008831   0xa7  Code  Gb  stm8s_clk.o [1]
CLK_GetSYSCLKSource      0x008f2d    0x4  Code  Gb  stm8s_clk.o [1]
CLK_HSECmd               0x008c93   0x2f  Code  Gb  stm8s_clk.o [1]
CLK_IRQHandler           0x008f46    0x1  Code  Gb  stm8s_it.o [1]
CLK_PeripheralClockConfig
                         0x008687   0xde  Code  Gb  stm8s_clk.o [1]
CLK_SYSCLKConfig         0x0088d8   0x8b  Code  Gb  stm8s_clk.o [1]
CSTACK$$Base             0x001700          --   Gb  - Linker created -
CSTACK$$Limit            0x001800          --   Gb  - Linker created -
EEPROM_EEC_IRQHandler    0x008f5c    0x1  Code  Gb  stm8s_it.o [1]
EXTI_PORTA_IRQHandler    0x008f47    0x1  Code  Gb  stm8s_it.o [1]
EXTI_PORTB_IRQHandler    0x008f48    0x1  Code  Gb  stm8s_it.o [1]
EXTI_PORTC_IRQHandler    0x008f49    0x1  Code  Gb  stm8s_it.o [1]
EXTI_PORTD_IRQHandler    0x008f4a    0x1  Code  Gb  stm8s_it.o [1]
EXTI_PORTE_IRQHandler    0x008f4b    0x1  Code  Gb  stm8s_it.o [1]
GPIO_DeInit              0x008e7a   0x1b  Code  Gb  stm8s_gpio.o [1]
GPIO_Init                0x00848e  0x114  Code  Gb  stm8s_gpio.o [1]
GPIO_config              0x008ec5   0x14  Code  Gb  main.o [1]
HSIDivFactor             0x008f29    0x4  Data  Gb  stm8s_clk.o [1]
I2C_IRQHandler           0x008f57    0x1  Code  Gb  stm8s_it.o [1]
INTVEC$$Base             0x008000          --   Gb  - Linker created -
INTVEC$$Limit            0x008080          --   Gb  - Linker created -
Region$$Table$$Base    0x00000000          --   Gb  - Linker created -
Region$$Table$$Limit   0x00000000          --   Gb  - Linker created -
SPI_IRQHandler           0x008f4e    0x1  Code  Gb  stm8s_it.o [1]
TIM1_CAP_COM_IRQHandler
                         0x008f50    0x1  Code  Gb  stm8s_it.o [1]
TIM1_UPD_OVF_TRG_BRK_IRQHandler
                         0x008f4f    0x1  Code  Gb  stm8s_it.o [1]
TIM2_CAP_COM_IRQHandler
                         0x008f52    0x1  Code  Gb  stm8s_it.o [1]
TIM2_UPD_OVF_BRK_IRQHandler
                         0x008f51    0x1  Code  Gb  stm8s_it.o [1]
TIM3_CAP_COM_IRQHandler
                         0x008f54    0x1  Code  Gb  stm8s_it.o [1]
TIM3_UPD_OVF_BRK_IRQHandler
                         0x008f53    0x1  Code  Gb  stm8s_it.o [1]
TIM4_ARRPreloadConfig    0x008d20   0x2f  Code  Gb  stm8s_tim4.o [1]
TIM4_ClearFlag           0x008e38   0x24  Code  Gb  stm8s_tim4.o [1]
TIM4_Cmd                 0x008cf1   0x2f  Code  Gb  stm8s_tim4.o [1]
TIM4_DeInit              0x008e95   0x19  Code  Gb  stm8s_tim4.o [1]
TIM4_GetFlagStatus       0x008c30   0x32  Code  Gb  stm8s_tim4.o [1]
TIM4_ITConfig            0x008b63   0x50  Code  Gb  stm8s_tim4.o [1]
TIM4_TimeBaseInit        0x008b12   0x51  Code  Gb  stm8s_tim4.o [1]
TIM4_UPD_OVF_IRQHandler
                         0x008f5b    0x1  Code  Gb  stm8s_it.o [1]
TLI_IRQHandler           0x008f44    0x1  Code  Gb  stm8s_it.o [1]
TRAP_IRQHandler          0x008f43    0x1  Code  Gb  stm8s_it.o [1]
UART1_RX_IRQHandler      0x008f56    0x1  Code  Gb  stm8s_it.o [1]
UART1_TX_IRQHandler      0x008f55    0x1  Code  Gb  stm8s_it.o [1]
UART3_Cmd                0x008f00    0xd  Code  Gb  stm8s_uart3.o [1]
UART3_DeInit             0x008dee   0x25  Code  Gb  stm8s_uart3.o [1]
UART3_GetFlagStatus      0x008765   0xcc  Code  Gb  stm8s_uart3.o [1]
UART3_Init               0x008080  0x1b2  Code  Gb  stm8s_uart3.o [1]
UART3_RX_IRQHandler      0x008f59    0x1  Code  Gb  stm8s_it.o [1]
UART3_SendData8          0x008f31    0x4  Code  Gb  stm8s_uart3.o [1]
UART3_TX_IRQHandler      0x008f58    0x1  Code  Gb  stm8s_it.o [1]
__DebugBreak             0x008f5d    0x1  Code  Gb  __dbg_break.o [3]
__exit                   0x008ed9   0x14  Code  Gb  __dbg_xxexit.o [3]
__iar_data_init2         0x008eae   0x17  Code  Gb  init.o [4]
__iar_program_start      0x008eed         Code  Gb  cstartup.o [4]
__iar_unhandled_exception
                         0x008f3e         Code  Gb  unhandled_exception.o [4]
__intvec                 0x008000         Data  Gb  interrupt.o [4]
__low_level_init         0x008f38    0x3  Code  Gb  low_level_init.o [4]
_exit                    0x008f24         Code  Gb  cexit.o [4]
_interrupt_1             0x008f43         Code  Gb  stm8s_it.o [1]
_interrupt_10            0x008f4c         Code  Gb  stm8s_it.o [1]
_interrupt_11            0x008f4d         Code  Gb  stm8s_it.o [1]
_interrupt_12            0x008f4e         Code  Gb  stm8s_it.o [1]
_interrupt_13            0x008f4f         Code  Gb  stm8s_it.o [1]
_interrupt_14            0x008f50         Code  Gb  stm8s_it.o [1]
_interrupt_15            0x008f51         Code  Gb  stm8s_it.o [1]
_interrupt_16            0x008f52         Code  Gb  stm8s_it.o [1]
_interrupt_17            0x008f53         Code  Gb  stm8s_it.o [1]
_interrupt_18            0x008f54         Code  Gb  stm8s_it.o [1]
_interrupt_19            0x008f55         Code  Gb  stm8s_it.o [1]
_interrupt_2             0x008f44         Code  Gb  stm8s_it.o [1]
_interrupt_20            0x008f56         Code  Gb  stm8s_it.o [1]
_interrupt_21            0x008f57         Code  Gb  stm8s_it.o [1]
_interrupt_22            0x008f58         Code  Gb  stm8s_it.o [1]
_interrupt_23            0x008f59         Code  Gb  stm8s_it.o [1]
_interrupt_24            0x008f5a         Code  Gb  stm8s_it.o [1]
_interrupt_25            0x008f5b         Code  Gb  stm8s_it.o [1]
_interrupt_26            0x008f5c         Code  Gb  stm8s_it.o [1]
_interrupt_3             0x008f45         Code  Gb  stm8s_it.o [1]
_interrupt_4             0x008f46         Code  Gb  stm8s_it.o [1]
_interrupt_5             0x008f47         Code  Gb  stm8s_it.o [1]
_interrupt_6             0x008f48         Code  Gb  stm8s_it.o [1]
_interrupt_7             0x008f49         Code  Gb  stm8s_it.o [1]
_interrupt_8             0x008f4a         Code  Gb  stm8s_it.o [1]
_interrupt_9             0x008f4b         Code  Gb  stm8s_it.o [1]
assert_failed            0x008f41    0x2  Code  Gb  main.o [1]
exit                     0x008f3b    0x3  Code  Gb  exit.o [4]
m_delay_ms_tim4          0x008d7c   0x26  Code  Gb  m_stm8s208_tim4.o [1]
m_tim4_configuration     0x008d4f   0x2d  Code  Gb  m_stm8s208_tim4.o [1]
m_uart3_configuration    0x008e5c   0x1e  Code  Gb  m_stm8s208_uart3.o [1]
m_uart3_send_string      0x008da2   0x26  Code  Gb  m_stm8s208_uart3.o [1]
main                     0x008dc8   0x26  Code  Gb  main.o [1]


[1] = E:\STM8S\Project_IAR\STM8S_Lesson7_STD_UART\UART_Exercise2\ProjectFile\Debug\Obj
[2] = command line
[3] = dbgstm8smd.a
[4] = dlstm8smn.a

  3 448 bytes of readonly  code memory
    486 bytes of readonly  data memory
    272 bytes of readwrite data memory

Errors: none
Warnings: none
